// Jest Snapshot v1, https://goo.gl/fbAQLP

exports[`Store Manage Holder Tests Default Component state at first render Should correctly render 1`] = `
<MemoryRouter>
  <Router
    history={
      Object {
        "action": "POP",
        "block": [Function],
        "canGo": [Function],
        "createHref": [Function],
        "entries": Array [
          Object {
            "hash": "",
            "key": "wbyydd",
            "pathname": "/",
            "search": "",
            "state": undefined,
          },
        ],
        "go": [Function],
        "goBack": [Function],
        "goForward": [Function],
        "index": 0,
        "length": 1,
        "listen": [Function],
        "location": Object {
          "hash": "",
          "key": "wbyydd",
          "pathname": "/",
          "search": "",
          "state": undefined,
        },
        "push": [Function],
        "replace": [Function],
      }
    }
  >
    <Component>
      <withRouter(StoreManageHolder)>
        <StoreManageHolder
          history={
            Object {
              "action": "POP",
              "block": [Function],
              "canGo": [Function],
              "createHref": [Function],
              "entries": Array [
                Object {
                  "hash": "",
                  "key": "wbyydd",
                  "pathname": "/",
                  "search": "",
                  "state": undefined,
                },
              ],
              "go": [Function],
              "goBack": [Function],
              "goForward": [Function],
              "index": 0,
              "length": 1,
              "listen": [Function],
              "location": Object {
                "hash": "",
                "key": "wbyydd",
                "pathname": "/",
                "search": "",
                "state": undefined,
              },
              "push": [Function],
              "replace": [Function],
            }
          }
          location={
            Object {
              "hash": "",
              "key": "wbyydd",
              "pathname": "/",
              "search": "",
              "state": undefined,
            }
          }
          match={
            Object {
              "isExact": true,
              "params": Object {},
              "path": "/",
              "url": "/",
            }
          }
        >
          <LoaderExampleText>
            <div
              style={
                Object {
                  "height": "100vh",
                }
              }
            >
              <Segment
                style={
                  Object {
                    "height": "100vh",
                  }
                }
              >
                <div
                  className="ui segment"
                  style={
                    Object {
                      "height": "100vh",
                    }
                  }
                >
                  <Dimmer
                    active={true}
                    inverted={true}
                  >
                    <DimmerInner
                      active={true}
                      inverted={true}
                    >
                      <Ref
                        innerRef={
                          Object {
                            "current": null,
                          }
                        }
                      >
                        <RefFindNode
                          innerRef={
                            Object {
                              "current": null,
                            }
                          }
                        >
                          <div
                            className="ui active transition visible inverted dimmer"
                            onClick={[Function]}
                          >
                            <div
                              className="content"
                            >
                              <Loader>
                                <div
                                  className="ui text loader"
                                >
                                  Please Wait
                                </div>
                              </Loader>
                            </div>
                          </div>
                        </RefFindNode>
                      </Ref>
                    </DimmerInner>
                  </Dimmer>
                </div>
              </Segment>
            </div>
          </LoaderExampleText>
        </StoreManageHolder>
      </withRouter(StoreManageHolder)>
    </Component>
  </Router>
</MemoryRouter>
`;

exports[`Store Manage Holder Tests State after a successful API call Should render the correct StoreManageHolder Component 1`] = `
<Grid
  id="storeManageHolder"
  padded={true}
>
  <div
    className="ui padded grid"
    id="storeManageHolder"
  >
    <Route
      path="undefined/edit"
    />
    <Route
      exact={true}
    >
      <withRouter(StoreCard)
        _id="ljqrb612fk"
        createdAt="Sat Sep 12 2020 06:22:01 GMT+0300 (Eastern European Summer Time)"
        description="Impedit quasi qui molestiae est praesentium. Mollitia et dicta qui atque rerum id. Accusantium ullam omnis commodi enim non laborum adipisci et facere. Veritatis ipsa sequi nulla. Omnis sequi possimus repellat. Natus voluptatum beatae mollitia nihil et."
        dispatch={[Function]}
        imageCount={0}
        key="ljqrb612fk"
        state={
          Object {
            "bonusVideoState": Object {
              "currentBonusVideoData": Object {
                "_id": "",
                "createdAt": "",
                "description": "",
                "vimeoURL": "",
                "youTubeURL": "",
              },
              "error": null,
              "loadedBonusVideos": Array [],
              "loading": false,
              "responseMsg": "",
            },
            "productState": Object {
              "currentProductData": Object {
                "_id": "",
                "createdAt": "",
                "description": "",
                "details": "",
                "images": Array [],
                "name": "",
                "price": "",
              },
              "error": null,
              "loadedProducts": Array [],
              "loading": false,
              "responseMsg": "",
            },
            "serviceState": Object {
              "currentServiceData": Object {
                "_id": "",
                "createdAt": "",
                "description": "",
                "images": Array [],
                "name": "",
                "price": "",
              },
              "error": null,
              "loadedServices": Array [],
              "loading": false,
              "responseMsg": "",
            },
            "storeItemState": Object {
              "currentStoreItemData": Object {
                "_id": "",
                "categories": Array [],
                "createdAt": "",
                "description": "",
                "details": "",
                "images": Array [],
                "name": "",
                "price": "",
                "storeId": "",
                "storeName": "",
              },
              "error": null,
              "loadedStoreItems": Array [],
              "loading": false,
              "numberOfItems": 0,
              "responseMsg": "",
            },
            "storeState": Object {
              "currentStoreData": Object {
                "_id": "",
                "createdAt": "",
                "description": "",
                "images": Array [],
                "title": "",
              },
              "error": null,
              "loadedStores": Array [
                Object {
                  "_id": "ljqrb612fk",
                  "createdAt": "Sat Sep 12 2020 06:22:01 GMT+0300 (Eastern European Summer Time)",
                  "description": "Impedit quasi qui molestiae est praesentium. Mollitia et dicta qui atque rerum id. Accusantium ullam omnis commodi enim non laborum adipisci et facere. Veritatis ipsa sequi nulla. Omnis sequi possimus repellat. Natus voluptatum beatae mollitia nihil et.",
                  "images": Array [],
                  "title": "ut",
                },
                Object {
                  "_id": "1vf6d9j8o1",
                  "createdAt": "Sat Sep 12 2020 10:19:16 GMT+0300 (Eastern European Summer Time)",
                  "description": "In nesciunt omnis architecto nulla. Qui sint dolorem nam aut nam in nulla reiciendis consequatur. Et iste et qui sed et.",
                  "images": Array [],
                  "title": "pariatur",
                },
                Object {
                  "_id": "phnxouxlh9",
                  "createdAt": "Sat Sep 12 2020 07:01:55 GMT+0300 (Eastern European Summer Time)",
                  "description": "Veritatis voluptates dolor et iure. Et aliquid sed sint rerum ratione. Alias est consequatur. Expedita et quisquam velit non amet nobis praesentium. Quia illum voluptate itaque tenetur.",
                  "images": Array [],
                  "title": "pariatur",
                },
                Object {
                  "_id": "xdwu7omsrx",
                  "createdAt": "Sat Sep 12 2020 11:25:56 GMT+0300 (Eastern European Summer Time)",
                  "description": "Quae excepturi adipisci harum enim ut. Enim alias iusto reiciendis est sit. Autem atque sunt qui est. Et quas eius magni nihil voluptas sit.",
                  "images": Array [],
                  "title": "vitae",
                },
                Object {
                  "_id": "celryu7ddg",
                  "createdAt": "Sat Sep 12 2020 08:18:17 GMT+0300 (Eastern European Summer Time)",
                  "description": "Voluptatem animi laborum aliquid et. Autem quos excepturi pariatur. Quis voluptates quis qui minima voluptates autem repellat nihil. Rem atque modi porro quia ea. Id quia cupiditate ut dolorem perferendis et ex laboriosam.",
                  "images": Array [],
                  "title": "nostrum",
                },
              ],
              "loading": false,
              "responseMsg": "All Ok",
            },
          }
        }
        title="ut"
      >
        <StoreCard
          _id="ljqrb612fk"
          createdAt="Sat Sep 12 2020 06:22:01 GMT+0300 (Eastern European Summer Time)"
          description="Impedit quasi qui molestiae est praesentium. Mollitia et dicta qui atque rerum id. Accusantium ullam omnis commodi enim non laborum adipisci et facere. Veritatis ipsa sequi nulla. Omnis sequi possimus repellat. Natus voluptatum beatae mollitia nihil et."
          dispatch={[Function]}
          history={
            Object {
              "action": "POP",
              "block": [Function],
              "canGo": [Function],
              "createHref": [Function],
              "entries": Array [
                Object {
                  "hash": "",
                  "key": "5cfoq0",
                  "pathname": "/",
                  "search": "",
                  "state": undefined,
                },
              ],
              "go": [Function],
              "goBack": [Function],
              "goForward": [Function],
              "index": 0,
              "length": 1,
              "listen": [Function],
              "location": Object {
                "hash": "",
                "key": "5cfoq0",
                "pathname": "/",
                "search": "",
                "state": undefined,
              },
              "push": [Function],
              "replace": [Function],
            }
          }
          imageCount={0}
          location={
            Object {
              "hash": "",
              "key": "5cfoq0",
              "pathname": "/",
              "search": "",
              "state": undefined,
            }
          }
          match={
            Object {
              "isExact": true,
              "params": Object {},
              "path": "/",
              "url": "/",
            }
          }
          state={
            Object {
              "bonusVideoState": Object {
                "currentBonusVideoData": Object {
                  "_id": "",
                  "createdAt": "",
                  "description": "",
                  "vimeoURL": "",
                  "youTubeURL": "",
                },
                "error": null,
                "loadedBonusVideos": Array [],
                "loading": false,
                "responseMsg": "",
              },
              "productState": Object {
                "currentProductData": Object {
                  "_id": "",
                  "createdAt": "",
                  "description": "",
                  "details": "",
                  "images": Array [],
                  "name": "",
                  "price": "",
                },
                "error": null,
                "loadedProducts": Array [],
                "loading": false,
                "responseMsg": "",
              },
              "serviceState": Object {
                "currentServiceData": Object {
                  "_id": "",
                  "createdAt": "",
                  "description": "",
                  "images": Array [],
                  "name": "",
                  "price": "",
                },
                "error": null,
                "loadedServices": Array [],
                "loading": false,
                "responseMsg": "",
              },
              "storeItemState": Object {
                "currentStoreItemData": Object {
                  "_id": "",
                  "categories": Array [],
                  "createdAt": "",
                  "description": "",
                  "details": "",
                  "images": Array [],
                  "name": "",
                  "price": "",
                  "storeId": "",
                  "storeName": "",
                },
                "error": null,
                "loadedStoreItems": Array [],
                "loading": false,
                "numberOfItems": 0,
                "responseMsg": "",
              },
              "storeState": Object {
                "currentStoreData": Object {
                  "_id": "",
                  "createdAt": "",
                  "description": "",
                  "images": Array [],
                  "title": "",
                },
                "error": null,
                "loadedStores": Array [
                  Object {
                    "_id": "ljqrb612fk",
                    "createdAt": "Sat Sep 12 2020 06:22:01 GMT+0300 (Eastern European Summer Time)",
                    "description": "Impedit quasi qui molestiae est praesentium. Mollitia et dicta qui atque rerum id. Accusantium ullam omnis commodi enim non laborum adipisci et facere. Veritatis ipsa sequi nulla. Omnis sequi possimus repellat. Natus voluptatum beatae mollitia nihil et.",
                    "images": Array [],
                    "title": "ut",
                  },
                  Object {
                    "_id": "1vf6d9j8o1",
                    "createdAt": "Sat Sep 12 2020 10:19:16 GMT+0300 (Eastern European Summer Time)",
                    "description": "In nesciunt omnis architecto nulla. Qui sint dolorem nam aut nam in nulla reiciendis consequatur. Et iste et qui sed et.",
                    "images": Array [],
                    "title": "pariatur",
                  },
                  Object {
                    "_id": "phnxouxlh9",
                    "createdAt": "Sat Sep 12 2020 07:01:55 GMT+0300 (Eastern European Summer Time)",
                    "description": "Veritatis voluptates dolor et iure. Et aliquid sed sint rerum ratione. Alias est consequatur. Expedita et quisquam velit non amet nobis praesentium. Quia illum voluptate itaque tenetur.",
                    "images": Array [],
                    "title": "pariatur",
                  },
                  Object {
                    "_id": "xdwu7omsrx",
                    "createdAt": "Sat Sep 12 2020 11:25:56 GMT+0300 (Eastern European Summer Time)",
                    "description": "Quae excepturi adipisci harum enim ut. Enim alias iusto reiciendis est sit. Autem atque sunt qui est. Et quas eius magni nihil voluptas sit.",
                    "images": Array [],
                    "title": "vitae",
                  },
                  Object {
                    "_id": "celryu7ddg",
                    "createdAt": "Sat Sep 12 2020 08:18:17 GMT+0300 (Eastern European Summer Time)",
                    "description": "Voluptatem animi laborum aliquid et. Autem quos excepturi pariatur. Quis voluptates quis qui minima voluptates autem repellat nihil. Rem atque modi porro quia ea. Id quia cupiditate ut dolorem perferendis et ex laboriosam.",
                    "images": Array [],
                    "title": "nostrum",
                  },
                ],
                "loading": false,
                "responseMsg": "All Ok",
              },
            }
          }
          title="ut"
        >
          <GridRow
            style={
              Object {
                "border": "3px solid green",
                "marginTop": "2em",
                "padding": "0.5em",
              }
            }
          >
            <div
              className="row"
              style={
                Object {
                  "border": "3px solid green",
                  "marginTop": "2em",
                  "padding": "0.5em",
                }
              }
            >
              <GridColumn
                computer={12}
                mobile={16}
                style={
                  Object {
                    "border": "2px solid red",
                  }
                }
              >
                <div
                  className="twelve wide computer sixteen wide mobile column"
                  style={
                    Object {
                      "border": "2px solid red",
                    }
                  }
                >
                  <h3>
                    Title: 
                    ut
                  </h3>
                  <h5>
                    Description: 
                    Impedit quasi qui molestiae est praesentium. Mollitia et dicta qui atque rerum id. Accusantium ullam omnis commodi enim non laborum adipisci et facere. Veritatis ipsa sequi nulla. Omnis sequi possimus repellat. Natus voluptatum beatae mollitia nihil et.
                  </h5>
                  <h5>
                    Number of Images: 
                    0
                  </h5>
                  <p>
                    <span>
                      Created At: 
                    </span>
                    2020-Sep-12
                  </p>
                </div>
              </GridColumn>
              <GridColumn
                computer={4}
                mobile={16}
                style={
                  Object {
                    "border": "2px solid blue",
                  }
                }
              >
                <div
                  className="four wide computer sixteen wide mobile column"
                  style={
                    Object {
                      "border": "2px solid blue",
                    }
                  }
                >
                  <Button
                    as="button"
                    className="storeCardBtn"
                    color="green"
                    content="Open"
                    inverted={true}
                    onClick={[Function]}
                  >
                    <Ref
                      innerRef={
                        Object {
                          "current": <button
                            class="ui green inverted button storeCardBtn"
                          >
                            Open
                          </button>,
                        }
                      }
                    >
                      <RefFindNode
                        innerRef={
                          Object {
                            "current": <button
                              class="ui green inverted button storeCardBtn"
                            >
                              Open
                            </button>,
                          }
                        }
                      >
                        <button
                          className="ui green inverted button storeCardBtn"
                          onClick={[Function]}
                        >
                          Open
                        </button>
                      </RefFindNode>
                    </Ref>
                  </Button>
                  <Button
                    as="button"
                    className="storeCardBtn"
                    color="orange"
                    content="Edit"
                    inverted={true}
                    onClick={[Function]}
                  >
                    <Ref
                      innerRef={
                        Object {
                          "current": <button
                            class="ui orange inverted button storeCardBtn"
                          >
                            Edit
                          </button>,
                        }
                      }
                    >
                      <RefFindNode
                        innerRef={
                          Object {
                            "current": <button
                              class="ui orange inverted button storeCardBtn"
                            >
                              Edit
                            </button>,
                          }
                        }
                      >
                        <button
                          className="ui orange inverted button storeCardBtn"
                          onClick={[Function]}
                        >
                          Edit
                        </button>
                      </RefFindNode>
                    </Ref>
                  </Button>
                  <Button
                    as="button"
                    className="storeCardBtn"
                    color="red"
                    content="Delete"
                    inverted={true}
                    onClick={[Function]}
                  >
                    <Ref
                      innerRef={
                        Object {
                          "current": <button
                            class="ui red inverted button storeCardBtn"
                          >
                            Delete
                          </button>,
                        }
                      }
                    >
                      <RefFindNode
                        innerRef={
                          Object {
                            "current": <button
                              class="ui red inverted button storeCardBtn"
                            >
                              Delete
                            </button>,
                          }
                        }
                      >
                        <button
                          className="ui red inverted button storeCardBtn"
                          onClick={[Function]}
                        >
                          Delete
                        </button>
                      </RefFindNode>
                    </Ref>
                  </Button>
                </div>
              </GridColumn>
            </div>
          </GridRow>
        </StoreCard>
      </withRouter(StoreCard)>
      <withRouter(StoreCard)
        _id="1vf6d9j8o1"
        createdAt="Sat Sep 12 2020 10:19:16 GMT+0300 (Eastern European Summer Time)"
        description="In nesciunt omnis architecto nulla. Qui sint dolorem nam aut nam in nulla reiciendis consequatur. Et iste et qui sed et."
        dispatch={[Function]}
        imageCount={0}
        key="1vf6d9j8o1"
        state={
          Object {
            "bonusVideoState": Object {
              "currentBonusVideoData": Object {
                "_id": "",
                "createdAt": "",
                "description": "",
                "vimeoURL": "",
                "youTubeURL": "",
              },
              "error": null,
              "loadedBonusVideos": Array [],
              "loading": false,
              "responseMsg": "",
            },
            "productState": Object {
              "currentProductData": Object {
                "_id": "",
                "createdAt": "",
                "description": "",
                "details": "",
                "images": Array [],
                "name": "",
                "price": "",
              },
              "error": null,
              "loadedProducts": Array [],
              "loading": false,
              "responseMsg": "",
            },
            "serviceState": Object {
              "currentServiceData": Object {
                "_id": "",
                "createdAt": "",
                "description": "",
                "images": Array [],
                "name": "",
                "price": "",
              },
              "error": null,
              "loadedServices": Array [],
              "loading": false,
              "responseMsg": "",
            },
            "storeItemState": Object {
              "currentStoreItemData": Object {
                "_id": "",
                "categories": Array [],
                "createdAt": "",
                "description": "",
                "details": "",
                "images": Array [],
                "name": "",
                "price": "",
                "storeId": "",
                "storeName": "",
              },
              "error": null,
              "loadedStoreItems": Array [],
              "loading": false,
              "numberOfItems": 0,
              "responseMsg": "",
            },
            "storeState": Object {
              "currentStoreData": Object {
                "_id": "",
                "createdAt": "",
                "description": "",
                "images": Array [],
                "title": "",
              },
              "error": null,
              "loadedStores": Array [
                Object {
                  "_id": "ljqrb612fk",
                  "createdAt": "Sat Sep 12 2020 06:22:01 GMT+0300 (Eastern European Summer Time)",
                  "description": "Impedit quasi qui molestiae est praesentium. Mollitia et dicta qui atque rerum id. Accusantium ullam omnis commodi enim non laborum adipisci et facere. Veritatis ipsa sequi nulla. Omnis sequi possimus repellat. Natus voluptatum beatae mollitia nihil et.",
                  "images": Array [],
                  "title": "ut",
                },
                Object {
                  "_id": "1vf6d9j8o1",
                  "createdAt": "Sat Sep 12 2020 10:19:16 GMT+0300 (Eastern European Summer Time)",
                  "description": "In nesciunt omnis architecto nulla. Qui sint dolorem nam aut nam in nulla reiciendis consequatur. Et iste et qui sed et.",
                  "images": Array [],
                  "title": "pariatur",
                },
                Object {
                  "_id": "phnxouxlh9",
                  "createdAt": "Sat Sep 12 2020 07:01:55 GMT+0300 (Eastern European Summer Time)",
                  "description": "Veritatis voluptates dolor et iure. Et aliquid sed sint rerum ratione. Alias est consequatur. Expedita et quisquam velit non amet nobis praesentium. Quia illum voluptate itaque tenetur.",
                  "images": Array [],
                  "title": "pariatur",
                },
                Object {
                  "_id": "xdwu7omsrx",
                  "createdAt": "Sat Sep 12 2020 11:25:56 GMT+0300 (Eastern European Summer Time)",
                  "description": "Quae excepturi adipisci harum enim ut. Enim alias iusto reiciendis est sit. Autem atque sunt qui est. Et quas eius magni nihil voluptas sit.",
                  "images": Array [],
                  "title": "vitae",
                },
                Object {
                  "_id": "celryu7ddg",
                  "createdAt": "Sat Sep 12 2020 08:18:17 GMT+0300 (Eastern European Summer Time)",
                  "description": "Voluptatem animi laborum aliquid et. Autem quos excepturi pariatur. Quis voluptates quis qui minima voluptates autem repellat nihil. Rem atque modi porro quia ea. Id quia cupiditate ut dolorem perferendis et ex laboriosam.",
                  "images": Array [],
                  "title": "nostrum",
                },
              ],
              "loading": false,
              "responseMsg": "All Ok",
            },
          }
        }
        title="pariatur"
      >
        <StoreCard
          _id="1vf6d9j8o1"
          createdAt="Sat Sep 12 2020 10:19:16 GMT+0300 (Eastern European Summer Time)"
          description="In nesciunt omnis architecto nulla. Qui sint dolorem nam aut nam in nulla reiciendis consequatur. Et iste et qui sed et."
          dispatch={[Function]}
          history={
            Object {
              "action": "POP",
              "block": [Function],
              "canGo": [Function],
              "createHref": [Function],
              "entries": Array [
                Object {
                  "hash": "",
                  "key": "5cfoq0",
                  "pathname": "/",
                  "search": "",
                  "state": undefined,
                },
              ],
              "go": [Function],
              "goBack": [Function],
              "goForward": [Function],
              "index": 0,
              "length": 1,
              "listen": [Function],
              "location": Object {
                "hash": "",
                "key": "5cfoq0",
                "pathname": "/",
                "search": "",
                "state": undefined,
              },
              "push": [Function],
              "replace": [Function],
            }
          }
          imageCount={0}
          location={
            Object {
              "hash": "",
              "key": "5cfoq0",
              "pathname": "/",
              "search": "",
              "state": undefined,
            }
          }
          match={
            Object {
              "isExact": true,
              "params": Object {},
              "path": "/",
              "url": "/",
            }
          }
          state={
            Object {
              "bonusVideoState": Object {
                "currentBonusVideoData": Object {
                  "_id": "",
                  "createdAt": "",
                  "description": "",
                  "vimeoURL": "",
                  "youTubeURL": "",
                },
                "error": null,
                "loadedBonusVideos": Array [],
                "loading": false,
                "responseMsg": "",
              },
              "productState": Object {
                "currentProductData": Object {
                  "_id": "",
                  "createdAt": "",
                  "description": "",
                  "details": "",
                  "images": Array [],
                  "name": "",
                  "price": "",
                },
                "error": null,
                "loadedProducts": Array [],
                "loading": false,
                "responseMsg": "",
              },
              "serviceState": Object {
                "currentServiceData": Object {
                  "_id": "",
                  "createdAt": "",
                  "description": "",
                  "images": Array [],
                  "name": "",
                  "price": "",
                },
                "error": null,
                "loadedServices": Array [],
                "loading": false,
                "responseMsg": "",
              },
              "storeItemState": Object {
                "currentStoreItemData": Object {
                  "_id": "",
                  "categories": Array [],
                  "createdAt": "",
                  "description": "",
                  "details": "",
                  "images": Array [],
                  "name": "",
                  "price": "",
                  "storeId": "",
                  "storeName": "",
                },
                "error": null,
                "loadedStoreItems": Array [],
                "loading": false,
                "numberOfItems": 0,
                "responseMsg": "",
              },
              "storeState": Object {
                "currentStoreData": Object {
                  "_id": "",
                  "createdAt": "",
                  "description": "",
                  "images": Array [],
                  "title": "",
                },
                "error": null,
                "loadedStores": Array [
                  Object {
                    "_id": "ljqrb612fk",
                    "createdAt": "Sat Sep 12 2020 06:22:01 GMT+0300 (Eastern European Summer Time)",
                    "description": "Impedit quasi qui molestiae est praesentium. Mollitia et dicta qui atque rerum id. Accusantium ullam omnis commodi enim non laborum adipisci et facere. Veritatis ipsa sequi nulla. Omnis sequi possimus repellat. Natus voluptatum beatae mollitia nihil et.",
                    "images": Array [],
                    "title": "ut",
                  },
                  Object {
                    "_id": "1vf6d9j8o1",
                    "createdAt": "Sat Sep 12 2020 10:19:16 GMT+0300 (Eastern European Summer Time)",
                    "description": "In nesciunt omnis architecto nulla. Qui sint dolorem nam aut nam in nulla reiciendis consequatur. Et iste et qui sed et.",
                    "images": Array [],
                    "title": "pariatur",
                  },
                  Object {
                    "_id": "phnxouxlh9",
                    "createdAt": "Sat Sep 12 2020 07:01:55 GMT+0300 (Eastern European Summer Time)",
                    "description": "Veritatis voluptates dolor et iure. Et aliquid sed sint rerum ratione. Alias est consequatur. Expedita et quisquam velit non amet nobis praesentium. Quia illum voluptate itaque tenetur.",
                    "images": Array [],
                    "title": "pariatur",
                  },
                  Object {
                    "_id": "xdwu7omsrx",
                    "createdAt": "Sat Sep 12 2020 11:25:56 GMT+0300 (Eastern European Summer Time)",
                    "description": "Quae excepturi adipisci harum enim ut. Enim alias iusto reiciendis est sit. Autem atque sunt qui est. Et quas eius magni nihil voluptas sit.",
                    "images": Array [],
                    "title": "vitae",
                  },
                  Object {
                    "_id": "celryu7ddg",
                    "createdAt": "Sat Sep 12 2020 08:18:17 GMT+0300 (Eastern European Summer Time)",
                    "description": "Voluptatem animi laborum aliquid et. Autem quos excepturi pariatur. Quis voluptates quis qui minima voluptates autem repellat nihil. Rem atque modi porro quia ea. Id quia cupiditate ut dolorem perferendis et ex laboriosam.",
                    "images": Array [],
                    "title": "nostrum",
                  },
                ],
                "loading": false,
                "responseMsg": "All Ok",
              },
            }
          }
          title="pariatur"
        >
          <GridRow
            style={
              Object {
                "border": "3px solid green",
                "marginTop": "2em",
                "padding": "0.5em",
              }
            }
          >
            <div
              className="row"
              style={
                Object {
                  "border": "3px solid green",
                  "marginTop": "2em",
                  "padding": "0.5em",
                }
              }
            >
              <GridColumn
                computer={12}
                mobile={16}
                style={
                  Object {
                    "border": "2px solid red",
                  }
                }
              >
                <div
                  className="twelve wide computer sixteen wide mobile column"
                  style={
                    Object {
                      "border": "2px solid red",
                    }
                  }
                >
                  <h3>
                    Title: 
                    pariatur
                  </h3>
                  <h5>
                    Description: 
                    In nesciunt omnis architecto nulla. Qui sint dolorem nam aut nam in nulla reiciendis consequatur. Et iste et qui sed et.
                  </h5>
                  <h5>
                    Number of Images: 
                    0
                  </h5>
                  <p>
                    <span>
                      Created At: 
                    </span>
                    2020-Sep-12
                  </p>
                </div>
              </GridColumn>
              <GridColumn
                computer={4}
                mobile={16}
                style={
                  Object {
                    "border": "2px solid blue",
                  }
                }
              >
                <div
                  className="four wide computer sixteen wide mobile column"
                  style={
                    Object {
                      "border": "2px solid blue",
                    }
                  }
                >
                  <Button
                    as="button"
                    className="storeCardBtn"
                    color="green"
                    content="Open"
                    inverted={true}
                    onClick={[Function]}
                  >
                    <Ref
                      innerRef={
                        Object {
                          "current": <button
                            class="ui green inverted button storeCardBtn"
                          >
                            Open
                          </button>,
                        }
                      }
                    >
                      <RefFindNode
                        innerRef={
                          Object {
                            "current": <button
                              class="ui green inverted button storeCardBtn"
                            >
                              Open
                            </button>,
                          }
                        }
                      >
                        <button
                          className="ui green inverted button storeCardBtn"
                          onClick={[Function]}
                        >
                          Open
                        </button>
                      </RefFindNode>
                    </Ref>
                  </Button>
                  <Button
                    as="button"
                    className="storeCardBtn"
                    color="orange"
                    content="Edit"
                    inverted={true}
                    onClick={[Function]}
                  >
                    <Ref
                      innerRef={
                        Object {
                          "current": <button
                            class="ui orange inverted button storeCardBtn"
                          >
                            Edit
                          </button>,
                        }
                      }
                    >
                      <RefFindNode
                        innerRef={
                          Object {
                            "current": <button
                              class="ui orange inverted button storeCardBtn"
                            >
                              Edit
                            </button>,
                          }
                        }
                      >
                        <button
                          className="ui orange inverted button storeCardBtn"
                          onClick={[Function]}
                        >
                          Edit
                        </button>
                      </RefFindNode>
                    </Ref>
                  </Button>
                  <Button
                    as="button"
                    className="storeCardBtn"
                    color="red"
                    content="Delete"
                    inverted={true}
                    onClick={[Function]}
                  >
                    <Ref
                      innerRef={
                        Object {
                          "current": <button
                            class="ui red inverted button storeCardBtn"
                          >
                            Delete
                          </button>,
                        }
                      }
                    >
                      <RefFindNode
                        innerRef={
                          Object {
                            "current": <button
                              class="ui red inverted button storeCardBtn"
                            >
                              Delete
                            </button>,
                          }
                        }
                      >
                        <button
                          className="ui red inverted button storeCardBtn"
                          onClick={[Function]}
                        >
                          Delete
                        </button>
                      </RefFindNode>
                    </Ref>
                  </Button>
                </div>
              </GridColumn>
            </div>
          </GridRow>
        </StoreCard>
      </withRouter(StoreCard)>
      <withRouter(StoreCard)
        _id="phnxouxlh9"
        createdAt="Sat Sep 12 2020 07:01:55 GMT+0300 (Eastern European Summer Time)"
        description="Veritatis voluptates dolor et iure. Et aliquid sed sint rerum ratione. Alias est consequatur. Expedita et quisquam velit non amet nobis praesentium. Quia illum voluptate itaque tenetur."
        dispatch={[Function]}
        imageCount={0}
        key="phnxouxlh9"
        state={
          Object {
            "bonusVideoState": Object {
              "currentBonusVideoData": Object {
                "_id": "",
                "createdAt": "",
                "description": "",
                "vimeoURL": "",
                "youTubeURL": "",
              },
              "error": null,
              "loadedBonusVideos": Array [],
              "loading": false,
              "responseMsg": "",
            },
            "productState": Object {
              "currentProductData": Object {
                "_id": "",
                "createdAt": "",
                "description": "",
                "details": "",
                "images": Array [],
                "name": "",
                "price": "",
              },
              "error": null,
              "loadedProducts": Array [],
              "loading": false,
              "responseMsg": "",
            },
            "serviceState": Object {
              "currentServiceData": Object {
                "_id": "",
                "createdAt": "",
                "description": "",
                "images": Array [],
                "name": "",
                "price": "",
              },
              "error": null,
              "loadedServices": Array [],
              "loading": false,
              "responseMsg": "",
            },
            "storeItemState": Object {
              "currentStoreItemData": Object {
                "_id": "",
                "categories": Array [],
                "createdAt": "",
                "description": "",
                "details": "",
                "images": Array [],
                "name": "",
                "price": "",
                "storeId": "",
                "storeName": "",
              },
              "error": null,
              "loadedStoreItems": Array [],
              "loading": false,
              "numberOfItems": 0,
              "responseMsg": "",
            },
            "storeState": Object {
              "currentStoreData": Object {
                "_id": "",
                "createdAt": "",
                "description": "",
                "images": Array [],
                "title": "",
              },
              "error": null,
              "loadedStores": Array [
                Object {
                  "_id": "ljqrb612fk",
                  "createdAt": "Sat Sep 12 2020 06:22:01 GMT+0300 (Eastern European Summer Time)",
                  "description": "Impedit quasi qui molestiae est praesentium. Mollitia et dicta qui atque rerum id. Accusantium ullam omnis commodi enim non laborum adipisci et facere. Veritatis ipsa sequi nulla. Omnis sequi possimus repellat. Natus voluptatum beatae mollitia nihil et.",
                  "images": Array [],
                  "title": "ut",
                },
                Object {
                  "_id": "1vf6d9j8o1",
                  "createdAt": "Sat Sep 12 2020 10:19:16 GMT+0300 (Eastern European Summer Time)",
                  "description": "In nesciunt omnis architecto nulla. Qui sint dolorem nam aut nam in nulla reiciendis consequatur. Et iste et qui sed et.",
                  "images": Array [],
                  "title": "pariatur",
                },
                Object {
                  "_id": "phnxouxlh9",
                  "createdAt": "Sat Sep 12 2020 07:01:55 GMT+0300 (Eastern European Summer Time)",
                  "description": "Veritatis voluptates dolor et iure. Et aliquid sed sint rerum ratione. Alias est consequatur. Expedita et quisquam velit non amet nobis praesentium. Quia illum voluptate itaque tenetur.",
                  "images": Array [],
                  "title": "pariatur",
                },
                Object {
                  "_id": "xdwu7omsrx",
                  "createdAt": "Sat Sep 12 2020 11:25:56 GMT+0300 (Eastern European Summer Time)",
                  "description": "Quae excepturi adipisci harum enim ut. Enim alias iusto reiciendis est sit. Autem atque sunt qui est. Et quas eius magni nihil voluptas sit.",
                  "images": Array [],
                  "title": "vitae",
                },
                Object {
                  "_id": "celryu7ddg",
                  "createdAt": "Sat Sep 12 2020 08:18:17 GMT+0300 (Eastern European Summer Time)",
                  "description": "Voluptatem animi laborum aliquid et. Autem quos excepturi pariatur. Quis voluptates quis qui minima voluptates autem repellat nihil. Rem atque modi porro quia ea. Id quia cupiditate ut dolorem perferendis et ex laboriosam.",
                  "images": Array [],
                  "title": "nostrum",
                },
              ],
              "loading": false,
              "responseMsg": "All Ok",
            },
          }
        }
        title="pariatur"
      >
        <StoreCard
          _id="phnxouxlh9"
          createdAt="Sat Sep 12 2020 07:01:55 GMT+0300 (Eastern European Summer Time)"
          description="Veritatis voluptates dolor et iure. Et aliquid sed sint rerum ratione. Alias est consequatur. Expedita et quisquam velit non amet nobis praesentium. Quia illum voluptate itaque tenetur."
          dispatch={[Function]}
          history={
            Object {
              "action": "POP",
              "block": [Function],
              "canGo": [Function],
              "createHref": [Function],
              "entries": Array [
                Object {
                  "hash": "",
                  "key": "5cfoq0",
                  "pathname": "/",
                  "search": "",
                  "state": undefined,
                },
              ],
              "go": [Function],
              "goBack": [Function],
              "goForward": [Function],
              "index": 0,
              "length": 1,
              "listen": [Function],
              "location": Object {
                "hash": "",
                "key": "5cfoq0",
                "pathname": "/",
                "search": "",
                "state": undefined,
              },
              "push": [Function],
              "replace": [Function],
            }
          }
          imageCount={0}
          location={
            Object {
              "hash": "",
              "key": "5cfoq0",
              "pathname": "/",
              "search": "",
              "state": undefined,
            }
          }
          match={
            Object {
              "isExact": true,
              "params": Object {},
              "path": "/",
              "url": "/",
            }
          }
          state={
            Object {
              "bonusVideoState": Object {
                "currentBonusVideoData": Object {
                  "_id": "",
                  "createdAt": "",
                  "description": "",
                  "vimeoURL": "",
                  "youTubeURL": "",
                },
                "error": null,
                "loadedBonusVideos": Array [],
                "loading": false,
                "responseMsg": "",
              },
              "productState": Object {
                "currentProductData": Object {
                  "_id": "",
                  "createdAt": "",
                  "description": "",
                  "details": "",
                  "images": Array [],
                  "name": "",
                  "price": "",
                },
                "error": null,
                "loadedProducts": Array [],
                "loading": false,
                "responseMsg": "",
              },
              "serviceState": Object {
                "currentServiceData": Object {
                  "_id": "",
                  "createdAt": "",
                  "description": "",
                  "images": Array [],
                  "name": "",
                  "price": "",
                },
                "error": null,
                "loadedServices": Array [],
                "loading": false,
                "responseMsg": "",
              },
              "storeItemState": Object {
                "currentStoreItemData": Object {
                  "_id": "",
                  "categories": Array [],
                  "createdAt": "",
                  "description": "",
                  "details": "",
                  "images": Array [],
                  "name": "",
                  "price": "",
                  "storeId": "",
                  "storeName": "",
                },
                "error": null,
                "loadedStoreItems": Array [],
                "loading": false,
                "numberOfItems": 0,
                "responseMsg": "",
              },
              "storeState": Object {
                "currentStoreData": Object {
                  "_id": "",
                  "createdAt": "",
                  "description": "",
                  "images": Array [],
                  "title": "",
                },
                "error": null,
                "loadedStores": Array [
                  Object {
                    "_id": "ljqrb612fk",
                    "createdAt": "Sat Sep 12 2020 06:22:01 GMT+0300 (Eastern European Summer Time)",
                    "description": "Impedit quasi qui molestiae est praesentium. Mollitia et dicta qui atque rerum id. Accusantium ullam omnis commodi enim non laborum adipisci et facere. Veritatis ipsa sequi nulla. Omnis sequi possimus repellat. Natus voluptatum beatae mollitia nihil et.",
                    "images": Array [],
                    "title": "ut",
                  },
                  Object {
                    "_id": "1vf6d9j8o1",
                    "createdAt": "Sat Sep 12 2020 10:19:16 GMT+0300 (Eastern European Summer Time)",
                    "description": "In nesciunt omnis architecto nulla. Qui sint dolorem nam aut nam in nulla reiciendis consequatur. Et iste et qui sed et.",
                    "images": Array [],
                    "title": "pariatur",
                  },
                  Object {
                    "_id": "phnxouxlh9",
                    "createdAt": "Sat Sep 12 2020 07:01:55 GMT+0300 (Eastern European Summer Time)",
                    "description": "Veritatis voluptates dolor et iure. Et aliquid sed sint rerum ratione. Alias est consequatur. Expedita et quisquam velit non amet nobis praesentium. Quia illum voluptate itaque tenetur.",
                    "images": Array [],
                    "title": "pariatur",
                  },
                  Object {
                    "_id": "xdwu7omsrx",
                    "createdAt": "Sat Sep 12 2020 11:25:56 GMT+0300 (Eastern European Summer Time)",
                    "description": "Quae excepturi adipisci harum enim ut. Enim alias iusto reiciendis est sit. Autem atque sunt qui est. Et quas eius magni nihil voluptas sit.",
                    "images": Array [],
                    "title": "vitae",
                  },
                  Object {
                    "_id": "celryu7ddg",
                    "createdAt": "Sat Sep 12 2020 08:18:17 GMT+0300 (Eastern European Summer Time)",
                    "description": "Voluptatem animi laborum aliquid et. Autem quos excepturi pariatur. Quis voluptates quis qui minima voluptates autem repellat nihil. Rem atque modi porro quia ea. Id quia cupiditate ut dolorem perferendis et ex laboriosam.",
                    "images": Array [],
                    "title": "nostrum",
                  },
                ],
                "loading": false,
                "responseMsg": "All Ok",
              },
            }
          }
          title="pariatur"
        >
          <GridRow
            style={
              Object {
                "border": "3px solid green",
                "marginTop": "2em",
                "padding": "0.5em",
              }
            }
          >
            <div
              className="row"
              style={
                Object {
                  "border": "3px solid green",
                  "marginTop": "2em",
                  "padding": "0.5em",
                }
              }
            >
              <GridColumn
                computer={12}
                mobile={16}
                style={
                  Object {
                    "border": "2px solid red",
                  }
                }
              >
                <div
                  className="twelve wide computer sixteen wide mobile column"
                  style={
                    Object {
                      "border": "2px solid red",
                    }
                  }
                >
                  <h3>
                    Title: 
                    pariatur
                  </h3>
                  <h5>
                    Description: 
                    Veritatis voluptates dolor et iure. Et aliquid sed sint rerum ratione. Alias est consequatur. Expedita et quisquam velit non amet nobis praesentium. Quia illum voluptate itaque tenetur.
                  </h5>
                  <h5>
                    Number of Images: 
                    0
                  </h5>
                  <p>
                    <span>
                      Created At: 
                    </span>
                    2020-Sep-12
                  </p>
                </div>
              </GridColumn>
              <GridColumn
                computer={4}
                mobile={16}
                style={
                  Object {
                    "border": "2px solid blue",
                  }
                }
              >
                <div
                  className="four wide computer sixteen wide mobile column"
                  style={
                    Object {
                      "border": "2px solid blue",
                    }
                  }
                >
                  <Button
                    as="button"
                    className="storeCardBtn"
                    color="green"
                    content="Open"
                    inverted={true}
                    onClick={[Function]}
                  >
                    <Ref
                      innerRef={
                        Object {
                          "current": <button
                            class="ui green inverted button storeCardBtn"
                          >
                            Open
                          </button>,
                        }
                      }
                    >
                      <RefFindNode
                        innerRef={
                          Object {
                            "current": <button
                              class="ui green inverted button storeCardBtn"
                            >
                              Open
                            </button>,
                          }
                        }
                      >
                        <button
                          className="ui green inverted button storeCardBtn"
                          onClick={[Function]}
                        >
                          Open
                        </button>
                      </RefFindNode>
                    </Ref>
                  </Button>
                  <Button
                    as="button"
                    className="storeCardBtn"
                    color="orange"
                    content="Edit"
                    inverted={true}
                    onClick={[Function]}
                  >
                    <Ref
                      innerRef={
                        Object {
                          "current": <button
                            class="ui orange inverted button storeCardBtn"
                          >
                            Edit
                          </button>,
                        }
                      }
                    >
                      <RefFindNode
                        innerRef={
                          Object {
                            "current": <button
                              class="ui orange inverted button storeCardBtn"
                            >
                              Edit
                            </button>,
                          }
                        }
                      >
                        <button
                          className="ui orange inverted button storeCardBtn"
                          onClick={[Function]}
                        >
                          Edit
                        </button>
                      </RefFindNode>
                    </Ref>
                  </Button>
                  <Button
                    as="button"
                    className="storeCardBtn"
                    color="red"
                    content="Delete"
                    inverted={true}
                    onClick={[Function]}
                  >
                    <Ref
                      innerRef={
                        Object {
                          "current": <button
                            class="ui red inverted button storeCardBtn"
                          >
                            Delete
                          </button>,
                        }
                      }
                    >
                      <RefFindNode
                        innerRef={
                          Object {
                            "current": <button
                              class="ui red inverted button storeCardBtn"
                            >
                              Delete
                            </button>,
                          }
                        }
                      >
                        <button
                          className="ui red inverted button storeCardBtn"
                          onClick={[Function]}
                        >
                          Delete
                        </button>
                      </RefFindNode>
                    </Ref>
                  </Button>
                </div>
              </GridColumn>
            </div>
          </GridRow>
        </StoreCard>
      </withRouter(StoreCard)>
      <withRouter(StoreCard)
        _id="xdwu7omsrx"
        createdAt="Sat Sep 12 2020 11:25:56 GMT+0300 (Eastern European Summer Time)"
        description="Quae excepturi adipisci harum enim ut. Enim alias iusto reiciendis est sit. Autem atque sunt qui est. Et quas eius magni nihil voluptas sit."
        dispatch={[Function]}
        imageCount={0}
        key="xdwu7omsrx"
        state={
          Object {
            "bonusVideoState": Object {
              "currentBonusVideoData": Object {
                "_id": "",
                "createdAt": "",
                "description": "",
                "vimeoURL": "",
                "youTubeURL": "",
              },
              "error": null,
              "loadedBonusVideos": Array [],
              "loading": false,
              "responseMsg": "",
            },
            "productState": Object {
              "currentProductData": Object {
                "_id": "",
                "createdAt": "",
                "description": "",
                "details": "",
                "images": Array [],
                "name": "",
                "price": "",
              },
              "error": null,
              "loadedProducts": Array [],
              "loading": false,
              "responseMsg": "",
            },
            "serviceState": Object {
              "currentServiceData": Object {
                "_id": "",
                "createdAt": "",
                "description": "",
                "images": Array [],
                "name": "",
                "price": "",
              },
              "error": null,
              "loadedServices": Array [],
              "loading": false,
              "responseMsg": "",
            },
            "storeItemState": Object {
              "currentStoreItemData": Object {
                "_id": "",
                "categories": Array [],
                "createdAt": "",
                "description": "",
                "details": "",
                "images": Array [],
                "name": "",
                "price": "",
                "storeId": "",
                "storeName": "",
              },
              "error": null,
              "loadedStoreItems": Array [],
              "loading": false,
              "numberOfItems": 0,
              "responseMsg": "",
            },
            "storeState": Object {
              "currentStoreData": Object {
                "_id": "",
                "createdAt": "",
                "description": "",
                "images": Array [],
                "title": "",
              },
              "error": null,
              "loadedStores": Array [
                Object {
                  "_id": "ljqrb612fk",
                  "createdAt": "Sat Sep 12 2020 06:22:01 GMT+0300 (Eastern European Summer Time)",
                  "description": "Impedit quasi qui molestiae est praesentium. Mollitia et dicta qui atque rerum id. Accusantium ullam omnis commodi enim non laborum adipisci et facere. Veritatis ipsa sequi nulla. Omnis sequi possimus repellat. Natus voluptatum beatae mollitia nihil et.",
                  "images": Array [],
                  "title": "ut",
                },
                Object {
                  "_id": "1vf6d9j8o1",
                  "createdAt": "Sat Sep 12 2020 10:19:16 GMT+0300 (Eastern European Summer Time)",
                  "description": "In nesciunt omnis architecto nulla. Qui sint dolorem nam aut nam in nulla reiciendis consequatur. Et iste et qui sed et.",
                  "images": Array [],
                  "title": "pariatur",
                },
                Object {
                  "_id": "phnxouxlh9",
                  "createdAt": "Sat Sep 12 2020 07:01:55 GMT+0300 (Eastern European Summer Time)",
                  "description": "Veritatis voluptates dolor et iure. Et aliquid sed sint rerum ratione. Alias est consequatur. Expedita et quisquam velit non amet nobis praesentium. Quia illum voluptate itaque tenetur.",
                  "images": Array [],
                  "title": "pariatur",
                },
                Object {
                  "_id": "xdwu7omsrx",
                  "createdAt": "Sat Sep 12 2020 11:25:56 GMT+0300 (Eastern European Summer Time)",
                  "description": "Quae excepturi adipisci harum enim ut. Enim alias iusto reiciendis est sit. Autem atque sunt qui est. Et quas eius magni nihil voluptas sit.",
                  "images": Array [],
                  "title": "vitae",
                },
                Object {
                  "_id": "celryu7ddg",
                  "createdAt": "Sat Sep 12 2020 08:18:17 GMT+0300 (Eastern European Summer Time)",
                  "description": "Voluptatem animi laborum aliquid et. Autem quos excepturi pariatur. Quis voluptates quis qui minima voluptates autem repellat nihil. Rem atque modi porro quia ea. Id quia cupiditate ut dolorem perferendis et ex laboriosam.",
                  "images": Array [],
                  "title": "nostrum",
                },
              ],
              "loading": false,
              "responseMsg": "All Ok",
            },
          }
        }
        title="vitae"
      >
        <StoreCard
          _id="xdwu7omsrx"
          createdAt="Sat Sep 12 2020 11:25:56 GMT+0300 (Eastern European Summer Time)"
          description="Quae excepturi adipisci harum enim ut. Enim alias iusto reiciendis est sit. Autem atque sunt qui est. Et quas eius magni nihil voluptas sit."
          dispatch={[Function]}
          history={
            Object {
              "action": "POP",
              "block": [Function],
              "canGo": [Function],
              "createHref": [Function],
              "entries": Array [
                Object {
                  "hash": "",
                  "key": "5cfoq0",
                  "pathname": "/",
                  "search": "",
                  "state": undefined,
                },
              ],
              "go": [Function],
              "goBack": [Function],
              "goForward": [Function],
              "index": 0,
              "length": 1,
              "listen": [Function],
              "location": Object {
                "hash": "",
                "key": "5cfoq0",
                "pathname": "/",
                "search": "",
                "state": undefined,
              },
              "push": [Function],
              "replace": [Function],
            }
          }
          imageCount={0}
          location={
            Object {
              "hash": "",
              "key": "5cfoq0",
              "pathname": "/",
              "search": "",
              "state": undefined,
            }
          }
          match={
            Object {
              "isExact": true,
              "params": Object {},
              "path": "/",
              "url": "/",
            }
          }
          state={
            Object {
              "bonusVideoState": Object {
                "currentBonusVideoData": Object {
                  "_id": "",
                  "createdAt": "",
                  "description": "",
                  "vimeoURL": "",
                  "youTubeURL": "",
                },
                "error": null,
                "loadedBonusVideos": Array [],
                "loading": false,
                "responseMsg": "",
              },
              "productState": Object {
                "currentProductData": Object {
                  "_id": "",
                  "createdAt": "",
                  "description": "",
                  "details": "",
                  "images": Array [],
                  "name": "",
                  "price": "",
                },
                "error": null,
                "loadedProducts": Array [],
                "loading": false,
                "responseMsg": "",
              },
              "serviceState": Object {
                "currentServiceData": Object {
                  "_id": "",
                  "createdAt": "",
                  "description": "",
                  "images": Array [],
                  "name": "",
                  "price": "",
                },
                "error": null,
                "loadedServices": Array [],
                "loading": false,
                "responseMsg": "",
              },
              "storeItemState": Object {
                "currentStoreItemData": Object {
                  "_id": "",
                  "categories": Array [],
                  "createdAt": "",
                  "description": "",
                  "details": "",
                  "images": Array [],
                  "name": "",
                  "price": "",
                  "storeId": "",
                  "storeName": "",
                },
                "error": null,
                "loadedStoreItems": Array [],
                "loading": false,
                "numberOfItems": 0,
                "responseMsg": "",
              },
              "storeState": Object {
                "currentStoreData": Object {
                  "_id": "",
                  "createdAt": "",
                  "description": "",
                  "images": Array [],
                  "title": "",
                },
                "error": null,
                "loadedStores": Array [
                  Object {
                    "_id": "ljqrb612fk",
                    "createdAt": "Sat Sep 12 2020 06:22:01 GMT+0300 (Eastern European Summer Time)",
                    "description": "Impedit quasi qui molestiae est praesentium. Mollitia et dicta qui atque rerum id. Accusantium ullam omnis commodi enim non laborum adipisci et facere. Veritatis ipsa sequi nulla. Omnis sequi possimus repellat. Natus voluptatum beatae mollitia nihil et.",
                    "images": Array [],
                    "title": "ut",
                  },
                  Object {
                    "_id": "1vf6d9j8o1",
                    "createdAt": "Sat Sep 12 2020 10:19:16 GMT+0300 (Eastern European Summer Time)",
                    "description": "In nesciunt omnis architecto nulla. Qui sint dolorem nam aut nam in nulla reiciendis consequatur. Et iste et qui sed et.",
                    "images": Array [],
                    "title": "pariatur",
                  },
                  Object {
                    "_id": "phnxouxlh9",
                    "createdAt": "Sat Sep 12 2020 07:01:55 GMT+0300 (Eastern European Summer Time)",
                    "description": "Veritatis voluptates dolor et iure. Et aliquid sed sint rerum ratione. Alias est consequatur. Expedita et quisquam velit non amet nobis praesentium. Quia illum voluptate itaque tenetur.",
                    "images": Array [],
                    "title": "pariatur",
                  },
                  Object {
                    "_id": "xdwu7omsrx",
                    "createdAt": "Sat Sep 12 2020 11:25:56 GMT+0300 (Eastern European Summer Time)",
                    "description": "Quae excepturi adipisci harum enim ut. Enim alias iusto reiciendis est sit. Autem atque sunt qui est. Et quas eius magni nihil voluptas sit.",
                    "images": Array [],
                    "title": "vitae",
                  },
                  Object {
                    "_id": "celryu7ddg",
                    "createdAt": "Sat Sep 12 2020 08:18:17 GMT+0300 (Eastern European Summer Time)",
                    "description": "Voluptatem animi laborum aliquid et. Autem quos excepturi pariatur. Quis voluptates quis qui minima voluptates autem repellat nihil. Rem atque modi porro quia ea. Id quia cupiditate ut dolorem perferendis et ex laboriosam.",
                    "images": Array [],
                    "title": "nostrum",
                  },
                ],
                "loading": false,
                "responseMsg": "All Ok",
              },
            }
          }
          title="vitae"
        >
          <GridRow
            style={
              Object {
                "border": "3px solid green",
                "marginTop": "2em",
                "padding": "0.5em",
              }
            }
          >
            <div
              className="row"
              style={
                Object {
                  "border": "3px solid green",
                  "marginTop": "2em",
                  "padding": "0.5em",
                }
              }
            >
              <GridColumn
                computer={12}
                mobile={16}
                style={
                  Object {
                    "border": "2px solid red",
                  }
                }
              >
                <div
                  className="twelve wide computer sixteen wide mobile column"
                  style={
                    Object {
                      "border": "2px solid red",
                    }
                  }
                >
                  <h3>
                    Title: 
                    vitae
                  </h3>
                  <h5>
                    Description: 
                    Quae excepturi adipisci harum enim ut. Enim alias iusto reiciendis est sit. Autem atque sunt qui est. Et quas eius magni nihil voluptas sit.
                  </h5>
                  <h5>
                    Number of Images: 
                    0
                  </h5>
                  <p>
                    <span>
                      Created At: 
                    </span>
                    2020-Sep-12
                  </p>
                </div>
              </GridColumn>
              <GridColumn
                computer={4}
                mobile={16}
                style={
                  Object {
                    "border": "2px solid blue",
                  }
                }
              >
                <div
                  className="four wide computer sixteen wide mobile column"
                  style={
                    Object {
                      "border": "2px solid blue",
                    }
                  }
                >
                  <Button
                    as="button"
                    className="storeCardBtn"
                    color="green"
                    content="Open"
                    inverted={true}
                    onClick={[Function]}
                  >
                    <Ref
                      innerRef={
                        Object {
                          "current": <button
                            class="ui green inverted button storeCardBtn"
                          >
                            Open
                          </button>,
                        }
                      }
                    >
                      <RefFindNode
                        innerRef={
                          Object {
                            "current": <button
                              class="ui green inverted button storeCardBtn"
                            >
                              Open
                            </button>,
                          }
                        }
                      >
                        <button
                          className="ui green inverted button storeCardBtn"
                          onClick={[Function]}
                        >
                          Open
                        </button>
                      </RefFindNode>
                    </Ref>
                  </Button>
                  <Button
                    as="button"
                    className="storeCardBtn"
                    color="orange"
                    content="Edit"
                    inverted={true}
                    onClick={[Function]}
                  >
                    <Ref
                      innerRef={
                        Object {
                          "current": <button
                            class="ui orange inverted button storeCardBtn"
                          >
                            Edit
                          </button>,
                        }
                      }
                    >
                      <RefFindNode
                        innerRef={
                          Object {
                            "current": <button
                              class="ui orange inverted button storeCardBtn"
                            >
                              Edit
                            </button>,
                          }
                        }
                      >
                        <button
                          className="ui orange inverted button storeCardBtn"
                          onClick={[Function]}
                        >
                          Edit
                        </button>
                      </RefFindNode>
                    </Ref>
                  </Button>
                  <Button
                    as="button"
                    className="storeCardBtn"
                    color="red"
                    content="Delete"
                    inverted={true}
                    onClick={[Function]}
                  >
                    <Ref
                      innerRef={
                        Object {
                          "current": <button
                            class="ui red inverted button storeCardBtn"
                          >
                            Delete
                          </button>,
                        }
                      }
                    >
                      <RefFindNode
                        innerRef={
                          Object {
                            "current": <button
                              class="ui red inverted button storeCardBtn"
                            >
                              Delete
                            </button>,
                          }
                        }
                      >
                        <button
                          className="ui red inverted button storeCardBtn"
                          onClick={[Function]}
                        >
                          Delete
                        </button>
                      </RefFindNode>
                    </Ref>
                  </Button>
                </div>
              </GridColumn>
            </div>
          </GridRow>
        </StoreCard>
      </withRouter(StoreCard)>
      <withRouter(StoreCard)
        _id="celryu7ddg"
        createdAt="Sat Sep 12 2020 08:18:17 GMT+0300 (Eastern European Summer Time)"
        description="Voluptatem animi laborum aliquid et. Autem quos excepturi pariatur. Quis voluptates quis qui minima voluptates autem repellat nihil. Rem atque modi porro quia ea. Id quia cupiditate ut dolorem perferendis et ex laboriosam."
        dispatch={[Function]}
        imageCount={0}
        key="celryu7ddg"
        state={
          Object {
            "bonusVideoState": Object {
              "currentBonusVideoData": Object {
                "_id": "",
                "createdAt": "",
                "description": "",
                "vimeoURL": "",
                "youTubeURL": "",
              },
              "error": null,
              "loadedBonusVideos": Array [],
              "loading": false,
              "responseMsg": "",
            },
            "productState": Object {
              "currentProductData": Object {
                "_id": "",
                "createdAt": "",
                "description": "",
                "details": "",
                "images": Array [],
                "name": "",
                "price": "",
              },
              "error": null,
              "loadedProducts": Array [],
              "loading": false,
              "responseMsg": "",
            },
            "serviceState": Object {
              "currentServiceData": Object {
                "_id": "",
                "createdAt": "",
                "description": "",
                "images": Array [],
                "name": "",
                "price": "",
              },
              "error": null,
              "loadedServices": Array [],
              "loading": false,
              "responseMsg": "",
            },
            "storeItemState": Object {
              "currentStoreItemData": Object {
                "_id": "",
                "categories": Array [],
                "createdAt": "",
                "description": "",
                "details": "",
                "images": Array [],
                "name": "",
                "price": "",
                "storeId": "",
                "storeName": "",
              },
              "error": null,
              "loadedStoreItems": Array [],
              "loading": false,
              "numberOfItems": 0,
              "responseMsg": "",
            },
            "storeState": Object {
              "currentStoreData": Object {
                "_id": "",
                "createdAt": "",
                "description": "",
                "images": Array [],
                "title": "",
              },
              "error": null,
              "loadedStores": Array [
                Object {
                  "_id": "ljqrb612fk",
                  "createdAt": "Sat Sep 12 2020 06:22:01 GMT+0300 (Eastern European Summer Time)",
                  "description": "Impedit quasi qui molestiae est praesentium. Mollitia et dicta qui atque rerum id. Accusantium ullam omnis commodi enim non laborum adipisci et facere. Veritatis ipsa sequi nulla. Omnis sequi possimus repellat. Natus voluptatum beatae mollitia nihil et.",
                  "images": Array [],
                  "title": "ut",
                },
                Object {
                  "_id": "1vf6d9j8o1",
                  "createdAt": "Sat Sep 12 2020 10:19:16 GMT+0300 (Eastern European Summer Time)",
                  "description": "In nesciunt omnis architecto nulla. Qui sint dolorem nam aut nam in nulla reiciendis consequatur. Et iste et qui sed et.",
                  "images": Array [],
                  "title": "pariatur",
                },
                Object {
                  "_id": "phnxouxlh9",
                  "createdAt": "Sat Sep 12 2020 07:01:55 GMT+0300 (Eastern European Summer Time)",
                  "description": "Veritatis voluptates dolor et iure. Et aliquid sed sint rerum ratione. Alias est consequatur. Expedita et quisquam velit non amet nobis praesentium. Quia illum voluptate itaque tenetur.",
                  "images": Array [],
                  "title": "pariatur",
                },
                Object {
                  "_id": "xdwu7omsrx",
                  "createdAt": "Sat Sep 12 2020 11:25:56 GMT+0300 (Eastern European Summer Time)",
                  "description": "Quae excepturi adipisci harum enim ut. Enim alias iusto reiciendis est sit. Autem atque sunt qui est. Et quas eius magni nihil voluptas sit.",
                  "images": Array [],
                  "title": "vitae",
                },
                Object {
                  "_id": "celryu7ddg",
                  "createdAt": "Sat Sep 12 2020 08:18:17 GMT+0300 (Eastern European Summer Time)",
                  "description": "Voluptatem animi laborum aliquid et. Autem quos excepturi pariatur. Quis voluptates quis qui minima voluptates autem repellat nihil. Rem atque modi porro quia ea. Id quia cupiditate ut dolorem perferendis et ex laboriosam.",
                  "images": Array [],
                  "title": "nostrum",
                },
              ],
              "loading": false,
              "responseMsg": "All Ok",
            },
          }
        }
        title="nostrum"
      >
        <StoreCard
          _id="celryu7ddg"
          createdAt="Sat Sep 12 2020 08:18:17 GMT+0300 (Eastern European Summer Time)"
          description="Voluptatem animi laborum aliquid et. Autem quos excepturi pariatur. Quis voluptates quis qui minima voluptates autem repellat nihil. Rem atque modi porro quia ea. Id quia cupiditate ut dolorem perferendis et ex laboriosam."
          dispatch={[Function]}
          history={
            Object {
              "action": "POP",
              "block": [Function],
              "canGo": [Function],
              "createHref": [Function],
              "entries": Array [
                Object {
                  "hash": "",
                  "key": "5cfoq0",
                  "pathname": "/",
                  "search": "",
                  "state": undefined,
                },
              ],
              "go": [Function],
              "goBack": [Function],
              "goForward": [Function],
              "index": 0,
              "length": 1,
              "listen": [Function],
              "location": Object {
                "hash": "",
                "key": "5cfoq0",
                "pathname": "/",
                "search": "",
                "state": undefined,
              },
              "push": [Function],
              "replace": [Function],
            }
          }
          imageCount={0}
          location={
            Object {
              "hash": "",
              "key": "5cfoq0",
              "pathname": "/",
              "search": "",
              "state": undefined,
            }
          }
          match={
            Object {
              "isExact": true,
              "params": Object {},
              "path": "/",
              "url": "/",
            }
          }
          state={
            Object {
              "bonusVideoState": Object {
                "currentBonusVideoData": Object {
                  "_id": "",
                  "createdAt": "",
                  "description": "",
                  "vimeoURL": "",
                  "youTubeURL": "",
                },
                "error": null,
                "loadedBonusVideos": Array [],
                "loading": false,
                "responseMsg": "",
              },
              "productState": Object {
                "currentProductData": Object {
                  "_id": "",
                  "createdAt": "",
                  "description": "",
                  "details": "",
                  "images": Array [],
                  "name": "",
                  "price": "",
                },
                "error": null,
                "loadedProducts": Array [],
                "loading": false,
                "responseMsg": "",
              },
              "serviceState": Object {
                "currentServiceData": Object {
                  "_id": "",
                  "createdAt": "",
                  "description": "",
                  "images": Array [],
                  "name": "",
                  "price": "",
                },
                "error": null,
                "loadedServices": Array [],
                "loading": false,
                "responseMsg": "",
              },
              "storeItemState": Object {
                "currentStoreItemData": Object {
                  "_id": "",
                  "categories": Array [],
                  "createdAt": "",
                  "description": "",
                  "details": "",
                  "images": Array [],
                  "name": "",
                  "price": "",
                  "storeId": "",
                  "storeName": "",
                },
                "error": null,
                "loadedStoreItems": Array [],
                "loading": false,
                "numberOfItems": 0,
                "responseMsg": "",
              },
              "storeState": Object {
                "currentStoreData": Object {
                  "_id": "",
                  "createdAt": "",
                  "description": "",
                  "images": Array [],
                  "title": "",
                },
                "error": null,
                "loadedStores": Array [
                  Object {
                    "_id": "ljqrb612fk",
                    "createdAt": "Sat Sep 12 2020 06:22:01 GMT+0300 (Eastern European Summer Time)",
                    "description": "Impedit quasi qui molestiae est praesentium. Mollitia et dicta qui atque rerum id. Accusantium ullam omnis commodi enim non laborum adipisci et facere. Veritatis ipsa sequi nulla. Omnis sequi possimus repellat. Natus voluptatum beatae mollitia nihil et.",
                    "images": Array [],
                    "title": "ut",
                  },
                  Object {
                    "_id": "1vf6d9j8o1",
                    "createdAt": "Sat Sep 12 2020 10:19:16 GMT+0300 (Eastern European Summer Time)",
                    "description": "In nesciunt omnis architecto nulla. Qui sint dolorem nam aut nam in nulla reiciendis consequatur. Et iste et qui sed et.",
                    "images": Array [],
                    "title": "pariatur",
                  },
                  Object {
                    "_id": "phnxouxlh9",
                    "createdAt": "Sat Sep 12 2020 07:01:55 GMT+0300 (Eastern European Summer Time)",
                    "description": "Veritatis voluptates dolor et iure. Et aliquid sed sint rerum ratione. Alias est consequatur. Expedita et quisquam velit non amet nobis praesentium. Quia illum voluptate itaque tenetur.",
                    "images": Array [],
                    "title": "pariatur",
                  },
                  Object {
                    "_id": "xdwu7omsrx",
                    "createdAt": "Sat Sep 12 2020 11:25:56 GMT+0300 (Eastern European Summer Time)",
                    "description": "Quae excepturi adipisci harum enim ut. Enim alias iusto reiciendis est sit. Autem atque sunt qui est. Et quas eius magni nihil voluptas sit.",
                    "images": Array [],
                    "title": "vitae",
                  },
                  Object {
                    "_id": "celryu7ddg",
                    "createdAt": "Sat Sep 12 2020 08:18:17 GMT+0300 (Eastern European Summer Time)",
                    "description": "Voluptatem animi laborum aliquid et. Autem quos excepturi pariatur. Quis voluptates quis qui minima voluptates autem repellat nihil. Rem atque modi porro quia ea. Id quia cupiditate ut dolorem perferendis et ex laboriosam.",
                    "images": Array [],
                    "title": "nostrum",
                  },
                ],
                "loading": false,
                "responseMsg": "All Ok",
              },
            }
          }
          title="nostrum"
        >
          <GridRow
            style={
              Object {
                "border": "3px solid green",
                "marginTop": "2em",
                "padding": "0.5em",
              }
            }
          >
            <div
              className="row"
              style={
                Object {
                  "border": "3px solid green",
                  "marginTop": "2em",
                  "padding": "0.5em",
                }
              }
            >
              <GridColumn
                computer={12}
                mobile={16}
                style={
                  Object {
                    "border": "2px solid red",
                  }
                }
              >
                <div
                  className="twelve wide computer sixteen wide mobile column"
                  style={
                    Object {
                      "border": "2px solid red",
                    }
                  }
                >
                  <h3>
                    Title: 
                    nostrum
                  </h3>
                  <h5>
                    Description: 
                    Voluptatem animi laborum aliquid et. Autem quos excepturi pariatur. Quis voluptates quis qui minima voluptates autem repellat nihil. Rem atque modi porro quia ea. Id quia cupiditate ut dolorem perferendis et ex laboriosam.
                  </h5>
                  <h5>
                    Number of Images: 
                    0
                  </h5>
                  <p>
                    <span>
                      Created At: 
                    </span>
                    2020-Sep-12
                  </p>
                </div>
              </GridColumn>
              <GridColumn
                computer={4}
                mobile={16}
                style={
                  Object {
                    "border": "2px solid blue",
                  }
                }
              >
                <div
                  className="four wide computer sixteen wide mobile column"
                  style={
                    Object {
                      "border": "2px solid blue",
                    }
                  }
                >
                  <Button
                    as="button"
                    className="storeCardBtn"
                    color="green"
                    content="Open"
                    inverted={true}
                    onClick={[Function]}
                  >
                    <Ref
                      innerRef={
                        Object {
                          "current": <button
                            class="ui green inverted button storeCardBtn"
                          >
                            Open
                          </button>,
                        }
                      }
                    >
                      <RefFindNode
                        innerRef={
                          Object {
                            "current": <button
                              class="ui green inverted button storeCardBtn"
                            >
                              Open
                            </button>,
                          }
                        }
                      >
                        <button
                          className="ui green inverted button storeCardBtn"
                          onClick={[Function]}
                        >
                          Open
                        </button>
                      </RefFindNode>
                    </Ref>
                  </Button>
                  <Button
                    as="button"
                    className="storeCardBtn"
                    color="orange"
                    content="Edit"
                    inverted={true}
                    onClick={[Function]}
                  >
                    <Ref
                      innerRef={
                        Object {
                          "current": <button
                            class="ui orange inverted button storeCardBtn"
                          >
                            Edit
                          </button>,
                        }
                      }
                    >
                      <RefFindNode
                        innerRef={
                          Object {
                            "current": <button
                              class="ui orange inverted button storeCardBtn"
                            >
                              Edit
                            </button>,
                          }
                        }
                      >
                        <button
                          className="ui orange inverted button storeCardBtn"
                          onClick={[Function]}
                        >
                          Edit
                        </button>
                      </RefFindNode>
                    </Ref>
                  </Button>
                  <Button
                    as="button"
                    className="storeCardBtn"
                    color="red"
                    content="Delete"
                    inverted={true}
                    onClick={[Function]}
                  >
                    <Ref
                      innerRef={
                        Object {
                          "current": <button
                            class="ui red inverted button storeCardBtn"
                          >
                            Delete
                          </button>,
                        }
                      }
                    >
                      <RefFindNode
                        innerRef={
                          Object {
                            "current": <button
                              class="ui red inverted button storeCardBtn"
                            >
                              Delete
                            </button>,
                          }
                        }
                      >
                        <button
                          className="ui red inverted button storeCardBtn"
                          onClick={[Function]}
                        >
                          Delete
                        </button>
                      </RefFindNode>
                    </Ref>
                  </Button>
                </div>
              </GridColumn>
            </div>
          </GridRow>
        </StoreCard>
      </withRouter(StoreCard)>
    </Route>
  </div>
</Grid>
`;
