// Jest Snapshot v1, https://goo.gl/fbAQLP

exports[`Store Manage Holder Tests Default local state render Default Component state at first render Should correctly render 1`] = `
<MemoryRouter>
  <Router
    history={
      Object {
        "action": "POP",
        "block": [Function],
        "canGo": [Function],
        "createHref": [Function],
        "entries": Array [
          Object {
            "hash": "",
            "key": "8idg0a",
            "pathname": "/",
            "search": "",
            "state": undefined,
          },
        ],
        "go": [Function],
        "goBack": [Function],
        "goForward": [Function],
        "index": 0,
        "length": 1,
        "listen": [Function],
        "location": Object {
          "hash": "",
          "key": "8idg0a",
          "pathname": "/",
          "search": "",
          "state": undefined,
        },
        "push": [Function],
        "replace": [Function],
      }
    }
  >
    <Component>
      <withRouter(StoreManageHolder)>
        <StoreManageHolder
          history={
            Object {
              "action": "POP",
              "block": [Function],
              "canGo": [Function],
              "createHref": [Function],
              "entries": Array [
                Object {
                  "hash": "",
                  "key": "8idg0a",
                  "pathname": "/",
                  "search": "",
                  "state": undefined,
                },
              ],
              "go": [Function],
              "goBack": [Function],
              "goForward": [Function],
              "index": 0,
              "length": 1,
              "listen": [Function],
              "location": Object {
                "hash": "",
                "key": "8idg0a",
                "pathname": "/",
                "search": "",
                "state": undefined,
              },
              "push": [Function],
              "replace": [Function],
            }
          }
          location={
            Object {
              "hash": "",
              "key": "8idg0a",
              "pathname": "/",
              "search": "",
              "state": undefined,
            }
          }
          match={
            Object {
              "isExact": true,
              "params": Object {},
              "path": "/",
              "url": "/",
            }
          }
        >
          <LoaderExampleText>
            <div
              style={
                Object {
                  "height": "100vh",
                }
              }
            >
              <Segment
                style={
                  Object {
                    "height": "100vh",
                  }
                }
              >
                <div
                  className="ui segment"
                  style={
                    Object {
                      "height": "100vh",
                    }
                  }
                >
                  <Dimmer
                    active={true}
                    inverted={true}
                  >
                    <DimmerInner
                      active={true}
                      inverted={true}
                    >
                      <Ref
                        innerRef={
                          Object {
                            "current": <div
                              class="ui active transition visible inverted dimmer"
                              style="display: flex;"
                            >
                              <div
                                class="content"
                              >
                                <div
                                  class="ui text loader"
                                >
                                  Please Wait
                                </div>
                              </div>
                            </div>,
                          }
                        }
                      >
                        <RefFindNode
                          innerRef={
                            Object {
                              "current": <div
                                class="ui active transition visible inverted dimmer"
                                style="display: flex;"
                              >
                                <div
                                  class="content"
                                >
                                  <div
                                    class="ui text loader"
                                  >
                                    Please Wait
                                  </div>
                                </div>
                              </div>,
                            }
                          }
                        >
                          <div
                            className="ui active transition visible inverted dimmer"
                            onClick={[Function]}
                          >
                            <div
                              className="content"
                            >
                              <Loader>
                                <div
                                  className="ui text loader"
                                >
                                  Please Wait
                                </div>
                              </Loader>
                            </div>
                          </div>
                        </RefFindNode>
                      </Ref>
                    </DimmerInner>
                  </Dimmer>
                </div>
              </Segment>
            </div>
          </LoaderExampleText>
        </StoreManageHolder>
      </withRouter(StoreManageHolder)>
    </Component>
  </Router>
</MemoryRouter>
`;

exports[`Store Manage Holder Tests Default local state render State after a successful API call Should render the correct StoreManageHolder Component 1`] = `
<Grid
  id="storeManageHolder"
  padded={true}
>
  <div
    className="ui padded grid"
    id="storeManageHolder"
  >
    <Route
      path="undefined/edit"
    />
    <Route
      exact={true}
    >
      <withRouter(StoreCard)
        _id="t6edkpl47b"
        createdAt="Thu Sep 10 2020 16:48:58 GMT+0300 (Eastern European Summer Time)"
        description="Sed esse occaecati aut delectus. Expedita ipsum velit quaerat tempore. Nostrum natus voluptatem culpa odio quidem."
        dispatch={[Function]}
        imageCount={0}
        key="t6edkpl47b"
        state={
          Object {
            "bonusVideoState": Object {
              "currentBonusVideoData": Object {
                "_id": "",
                "createdAt": "",
                "description": "",
                "vimeoURL": "",
                "youTubeURL": "",
              },
              "error": null,
              "loadedBonusVideos": Array [],
              "loading": false,
              "responseMsg": "",
            },
            "productState": Object {
              "currentProductData": Object {
                "_id": "",
                "createdAt": "",
                "description": "",
                "details": "",
                "images": Array [],
                "name": "",
                "price": "",
              },
              "error": null,
              "loadedProducts": Array [],
              "loading": false,
              "responseMsg": "",
            },
            "serviceState": Object {
              "currentServiceData": Object {
                "_id": "",
                "createdAt": "",
                "description": "",
                "images": Array [],
                "name": "",
                "price": "",
              },
              "error": null,
              "loadedServices": Array [],
              "loading": false,
              "responseMsg": "",
            },
            "storeItemState": Object {
              "currentStoreItemData": Object {
                "_id": "",
                "categories": Array [],
                "createdAt": "",
                "description": "",
                "details": "",
                "images": Array [],
                "name": "",
                "price": "",
                "storeId": "",
                "storeName": "",
              },
              "error": null,
              "loadedStoreItems": Array [],
              "loading": false,
              "numberOfItems": 0,
              "responseMsg": "",
            },
            "storeState": Object {
              "currentStoreData": Object {
                "_id": "",
                "createdAt": "",
                "description": "",
                "images": Array [],
                "title": "",
              },
              "error": null,
              "loadedStores": Array [
                Object {
                  "_id": "t6edkpl47b",
                  "createdAt": "Thu Sep 10 2020 16:48:58 GMT+0300 (Eastern European Summer Time)",
                  "description": "Sed esse occaecati aut delectus. Expedita ipsum velit quaerat tempore. Nostrum natus voluptatem culpa odio quidem.",
                  "images": Array [],
                  "title": "enim",
                },
                Object {
                  "_id": "5eqpuyoc2c",
                  "createdAt": "Thu Sep 10 2020 18:03:17 GMT+0300 (Eastern European Summer Time)",
                  "description": "Officiis enim maxime in. Sapiente explicabo incidunt. Est eum aut non quia rem optio. Beatae maxime eveniet.",
                  "images": Array [],
                  "title": "odit",
                },
                Object {
                  "_id": "ty3tvrzify",
                  "createdAt": "Wed Sep 09 2020 23:30:29 GMT+0300 (Eastern European Summer Time)",
                  "description": "Inventore occaecati expedita et aut alias inventore. Numquam culpa voluptatibus aut neque tempora amet est ipsam. Architecto voluptatem rerum cupiditate tempora ipsa dignissimos illo ad voluptate. Aut cum consequatur sed facere. Ipsam laborum et aut. Accusantium nihil sint cum vel.",
                  "images": Array [],
                  "title": "et",
                },
                Object {
                  "_id": "9oqx21krt9",
                  "createdAt": "Thu Sep 10 2020 02:05:24 GMT+0300 (Eastern European Summer Time)",
                  "description": "Saepe est tempore magnam facere commodi eos non illo. Tenetur eum sit quibusdam rerum non at et tempore. Rem neque est earum et laudantium dolor tenetur.",
                  "images": Array [],
                  "title": "magni",
                },
                Object {
                  "_id": "qy40cga2sm",
                  "createdAt": "Thu Sep 10 2020 20:10:23 GMT+0300 (Eastern European Summer Time)",
                  "description": "Porro minus voluptas asperiores ab a. Qui corrupti tempora dignissimos qui non eligendi. Dolores dicta consequatur ipsum iste consequuntur maiores ut. Atque eum sequi eum rem dignissimos dolorum explicabo impedit. Possimus sed non nam quae excepturi debitis. Accusamus quibusdam odit eos ipsum.",
                  "images": Array [],
                  "title": "quisquam",
                },
              ],
              "loading": false,
              "responseMsg": "All Ok",
            },
          }
        }
        title="enim"
      >
        <StoreCard
          _id="t6edkpl47b"
          createdAt="Thu Sep 10 2020 16:48:58 GMT+0300 (Eastern European Summer Time)"
          description="Sed esse occaecati aut delectus. Expedita ipsum velit quaerat tempore. Nostrum natus voluptatem culpa odio quidem."
          dispatch={[Function]}
          history={
            Object {
              "action": "POP",
              "block": [Function],
              "canGo": [Function],
              "createHref": [Function],
              "entries": Array [
                Object {
                  "hash": "",
                  "key": "g457ai",
                  "pathname": "/",
                  "search": "",
                  "state": undefined,
                },
              ],
              "go": [Function],
              "goBack": [Function],
              "goForward": [Function],
              "index": 0,
              "length": 1,
              "listen": [Function],
              "location": Object {
                "hash": "",
                "key": "g457ai",
                "pathname": "/",
                "search": "",
                "state": undefined,
              },
              "push": [Function],
              "replace": [Function],
            }
          }
          imageCount={0}
          location={
            Object {
              "hash": "",
              "key": "g457ai",
              "pathname": "/",
              "search": "",
              "state": undefined,
            }
          }
          match={
            Object {
              "isExact": true,
              "params": Object {},
              "path": "/",
              "url": "/",
            }
          }
          state={
            Object {
              "bonusVideoState": Object {
                "currentBonusVideoData": Object {
                  "_id": "",
                  "createdAt": "",
                  "description": "",
                  "vimeoURL": "",
                  "youTubeURL": "",
                },
                "error": null,
                "loadedBonusVideos": Array [],
                "loading": false,
                "responseMsg": "",
              },
              "productState": Object {
                "currentProductData": Object {
                  "_id": "",
                  "createdAt": "",
                  "description": "",
                  "details": "",
                  "images": Array [],
                  "name": "",
                  "price": "",
                },
                "error": null,
                "loadedProducts": Array [],
                "loading": false,
                "responseMsg": "",
              },
              "serviceState": Object {
                "currentServiceData": Object {
                  "_id": "",
                  "createdAt": "",
                  "description": "",
                  "images": Array [],
                  "name": "",
                  "price": "",
                },
                "error": null,
                "loadedServices": Array [],
                "loading": false,
                "responseMsg": "",
              },
              "storeItemState": Object {
                "currentStoreItemData": Object {
                  "_id": "",
                  "categories": Array [],
                  "createdAt": "",
                  "description": "",
                  "details": "",
                  "images": Array [],
                  "name": "",
                  "price": "",
                  "storeId": "",
                  "storeName": "",
                },
                "error": null,
                "loadedStoreItems": Array [],
                "loading": false,
                "numberOfItems": 0,
                "responseMsg": "",
              },
              "storeState": Object {
                "currentStoreData": Object {
                  "_id": "",
                  "createdAt": "",
                  "description": "",
                  "images": Array [],
                  "title": "",
                },
                "error": null,
                "loadedStores": Array [
                  Object {
                    "_id": "t6edkpl47b",
                    "createdAt": "Thu Sep 10 2020 16:48:58 GMT+0300 (Eastern European Summer Time)",
                    "description": "Sed esse occaecati aut delectus. Expedita ipsum velit quaerat tempore. Nostrum natus voluptatem culpa odio quidem.",
                    "images": Array [],
                    "title": "enim",
                  },
                  Object {
                    "_id": "5eqpuyoc2c",
                    "createdAt": "Thu Sep 10 2020 18:03:17 GMT+0300 (Eastern European Summer Time)",
                    "description": "Officiis enim maxime in. Sapiente explicabo incidunt. Est eum aut non quia rem optio. Beatae maxime eveniet.",
                    "images": Array [],
                    "title": "odit",
                  },
                  Object {
                    "_id": "ty3tvrzify",
                    "createdAt": "Wed Sep 09 2020 23:30:29 GMT+0300 (Eastern European Summer Time)",
                    "description": "Inventore occaecati expedita et aut alias inventore. Numquam culpa voluptatibus aut neque tempora amet est ipsam. Architecto voluptatem rerum cupiditate tempora ipsa dignissimos illo ad voluptate. Aut cum consequatur sed facere. Ipsam laborum et aut. Accusantium nihil sint cum vel.",
                    "images": Array [],
                    "title": "et",
                  },
                  Object {
                    "_id": "9oqx21krt9",
                    "createdAt": "Thu Sep 10 2020 02:05:24 GMT+0300 (Eastern European Summer Time)",
                    "description": "Saepe est tempore magnam facere commodi eos non illo. Tenetur eum sit quibusdam rerum non at et tempore. Rem neque est earum et laudantium dolor tenetur.",
                    "images": Array [],
                    "title": "magni",
                  },
                  Object {
                    "_id": "qy40cga2sm",
                    "createdAt": "Thu Sep 10 2020 20:10:23 GMT+0300 (Eastern European Summer Time)",
                    "description": "Porro minus voluptas asperiores ab a. Qui corrupti tempora dignissimos qui non eligendi. Dolores dicta consequatur ipsum iste consequuntur maiores ut. Atque eum sequi eum rem dignissimos dolorum explicabo impedit. Possimus sed non nam quae excepturi debitis. Accusamus quibusdam odit eos ipsum.",
                    "images": Array [],
                    "title": "quisquam",
                  },
                ],
                "loading": false,
                "responseMsg": "All Ok",
              },
            }
          }
          title="enim"
        >
          <GridRow
            style={
              Object {
                "border": "3px solid green",
                "marginTop": "2em",
                "padding": "0.5em",
              }
            }
          >
            <div
              className="row"
              style={
                Object {
                  "border": "3px solid green",
                  "marginTop": "2em",
                  "padding": "0.5em",
                }
              }
            >
              <GridColumn
                computer={12}
                mobile={16}
                style={
                  Object {
                    "border": "2px solid red",
                  }
                }
              >
                <div
                  className="twelve wide computer sixteen wide mobile column"
                  style={
                    Object {
                      "border": "2px solid red",
                    }
                  }
                >
                  <h3>
                    Title: 
                    enim
                  </h3>
                  <h5>
                    Description: 
                    Sed esse occaecati aut delectus. Expedita ipsum velit quaerat tempore. Nostrum natus voluptatem culpa odio quidem.
                  </h5>
                  <h5>
                    Number of Images: 
                    0
                  </h5>
                  <p>
                    <span>
                      Created At: 
                    </span>
                    2020-Sep-10
                  </p>
                </div>
              </GridColumn>
              <GridColumn
                computer={4}
                mobile={16}
                style={
                  Object {
                    "border": "2px solid blue",
                  }
                }
              >
                <div
                  className="four wide computer sixteen wide mobile column"
                  style={
                    Object {
                      "border": "2px solid blue",
                    }
                  }
                >
                  <Button
                    as="button"
                    className="storeCardBtn"
                    color="green"
                    content="Open"
                    inverted={true}
                    onClick={[Function]}
                  >
                    <Ref
                      innerRef={
                        Object {
                          "current": <button
                            class="ui green inverted button storeCardBtn"
                          >
                            Open
                          </button>,
                        }
                      }
                    >
                      <RefFindNode
                        innerRef={
                          Object {
                            "current": <button
                              class="ui green inverted button storeCardBtn"
                            >
                              Open
                            </button>,
                          }
                        }
                      >
                        <button
                          className="ui green inverted button storeCardBtn"
                          onClick={[Function]}
                        >
                          Open
                        </button>
                      </RefFindNode>
                    </Ref>
                  </Button>
                  <Button
                    as="button"
                    className="storeCardBtn"
                    color="orange"
                    content="Edit"
                    inverted={true}
                    onClick={[Function]}
                  >
                    <Ref
                      innerRef={
                        Object {
                          "current": <button
                            class="ui orange inverted button storeCardBtn"
                          >
                            Edit
                          </button>,
                        }
                      }
                    >
                      <RefFindNode
                        innerRef={
                          Object {
                            "current": <button
                              class="ui orange inverted button storeCardBtn"
                            >
                              Edit
                            </button>,
                          }
                        }
                      >
                        <button
                          className="ui orange inverted button storeCardBtn"
                          onClick={[Function]}
                        >
                          Edit
                        </button>
                      </RefFindNode>
                    </Ref>
                  </Button>
                  <Button
                    as="button"
                    className="storeCardBtn"
                    color="red"
                    content="Delete"
                    inverted={true}
                    onClick={[Function]}
                  >
                    <Ref
                      innerRef={
                        Object {
                          "current": <button
                            class="ui red inverted button storeCardBtn"
                          >
                            Delete
                          </button>,
                        }
                      }
                    >
                      <RefFindNode
                        innerRef={
                          Object {
                            "current": <button
                              class="ui red inverted button storeCardBtn"
                            >
                              Delete
                            </button>,
                          }
                        }
                      >
                        <button
                          className="ui red inverted button storeCardBtn"
                          onClick={[Function]}
                        >
                          Delete
                        </button>
                      </RefFindNode>
                    </Ref>
                  </Button>
                </div>
              </GridColumn>
            </div>
          </GridRow>
        </StoreCard>
      </withRouter(StoreCard)>
      <withRouter(StoreCard)
        _id="5eqpuyoc2c"
        createdAt="Thu Sep 10 2020 18:03:17 GMT+0300 (Eastern European Summer Time)"
        description="Officiis enim maxime in. Sapiente explicabo incidunt. Est eum aut non quia rem optio. Beatae maxime eveniet."
        dispatch={[Function]}
        imageCount={0}
        key="5eqpuyoc2c"
        state={
          Object {
            "bonusVideoState": Object {
              "currentBonusVideoData": Object {
                "_id": "",
                "createdAt": "",
                "description": "",
                "vimeoURL": "",
                "youTubeURL": "",
              },
              "error": null,
              "loadedBonusVideos": Array [],
              "loading": false,
              "responseMsg": "",
            },
            "productState": Object {
              "currentProductData": Object {
                "_id": "",
                "createdAt": "",
                "description": "",
                "details": "",
                "images": Array [],
                "name": "",
                "price": "",
              },
              "error": null,
              "loadedProducts": Array [],
              "loading": false,
              "responseMsg": "",
            },
            "serviceState": Object {
              "currentServiceData": Object {
                "_id": "",
                "createdAt": "",
                "description": "",
                "images": Array [],
                "name": "",
                "price": "",
              },
              "error": null,
              "loadedServices": Array [],
              "loading": false,
              "responseMsg": "",
            },
            "storeItemState": Object {
              "currentStoreItemData": Object {
                "_id": "",
                "categories": Array [],
                "createdAt": "",
                "description": "",
                "details": "",
                "images": Array [],
                "name": "",
                "price": "",
                "storeId": "",
                "storeName": "",
              },
              "error": null,
              "loadedStoreItems": Array [],
              "loading": false,
              "numberOfItems": 0,
              "responseMsg": "",
            },
            "storeState": Object {
              "currentStoreData": Object {
                "_id": "",
                "createdAt": "",
                "description": "",
                "images": Array [],
                "title": "",
              },
              "error": null,
              "loadedStores": Array [
                Object {
                  "_id": "t6edkpl47b",
                  "createdAt": "Thu Sep 10 2020 16:48:58 GMT+0300 (Eastern European Summer Time)",
                  "description": "Sed esse occaecati aut delectus. Expedita ipsum velit quaerat tempore. Nostrum natus voluptatem culpa odio quidem.",
                  "images": Array [],
                  "title": "enim",
                },
                Object {
                  "_id": "5eqpuyoc2c",
                  "createdAt": "Thu Sep 10 2020 18:03:17 GMT+0300 (Eastern European Summer Time)",
                  "description": "Officiis enim maxime in. Sapiente explicabo incidunt. Est eum aut non quia rem optio. Beatae maxime eveniet.",
                  "images": Array [],
                  "title": "odit",
                },
                Object {
                  "_id": "ty3tvrzify",
                  "createdAt": "Wed Sep 09 2020 23:30:29 GMT+0300 (Eastern European Summer Time)",
                  "description": "Inventore occaecati expedita et aut alias inventore. Numquam culpa voluptatibus aut neque tempora amet est ipsam. Architecto voluptatem rerum cupiditate tempora ipsa dignissimos illo ad voluptate. Aut cum consequatur sed facere. Ipsam laborum et aut. Accusantium nihil sint cum vel.",
                  "images": Array [],
                  "title": "et",
                },
                Object {
                  "_id": "9oqx21krt9",
                  "createdAt": "Thu Sep 10 2020 02:05:24 GMT+0300 (Eastern European Summer Time)",
                  "description": "Saepe est tempore magnam facere commodi eos non illo. Tenetur eum sit quibusdam rerum non at et tempore. Rem neque est earum et laudantium dolor tenetur.",
                  "images": Array [],
                  "title": "magni",
                },
                Object {
                  "_id": "qy40cga2sm",
                  "createdAt": "Thu Sep 10 2020 20:10:23 GMT+0300 (Eastern European Summer Time)",
                  "description": "Porro minus voluptas asperiores ab a. Qui corrupti tempora dignissimos qui non eligendi. Dolores dicta consequatur ipsum iste consequuntur maiores ut. Atque eum sequi eum rem dignissimos dolorum explicabo impedit. Possimus sed non nam quae excepturi debitis. Accusamus quibusdam odit eos ipsum.",
                  "images": Array [],
                  "title": "quisquam",
                },
              ],
              "loading": false,
              "responseMsg": "All Ok",
            },
          }
        }
        title="odit"
      >
        <StoreCard
          _id="5eqpuyoc2c"
          createdAt="Thu Sep 10 2020 18:03:17 GMT+0300 (Eastern European Summer Time)"
          description="Officiis enim maxime in. Sapiente explicabo incidunt. Est eum aut non quia rem optio. Beatae maxime eveniet."
          dispatch={[Function]}
          history={
            Object {
              "action": "POP",
              "block": [Function],
              "canGo": [Function],
              "createHref": [Function],
              "entries": Array [
                Object {
                  "hash": "",
                  "key": "g457ai",
                  "pathname": "/",
                  "search": "",
                  "state": undefined,
                },
              ],
              "go": [Function],
              "goBack": [Function],
              "goForward": [Function],
              "index": 0,
              "length": 1,
              "listen": [Function],
              "location": Object {
                "hash": "",
                "key": "g457ai",
                "pathname": "/",
                "search": "",
                "state": undefined,
              },
              "push": [Function],
              "replace": [Function],
            }
          }
          imageCount={0}
          location={
            Object {
              "hash": "",
              "key": "g457ai",
              "pathname": "/",
              "search": "",
              "state": undefined,
            }
          }
          match={
            Object {
              "isExact": true,
              "params": Object {},
              "path": "/",
              "url": "/",
            }
          }
          state={
            Object {
              "bonusVideoState": Object {
                "currentBonusVideoData": Object {
                  "_id": "",
                  "createdAt": "",
                  "description": "",
                  "vimeoURL": "",
                  "youTubeURL": "",
                },
                "error": null,
                "loadedBonusVideos": Array [],
                "loading": false,
                "responseMsg": "",
              },
              "productState": Object {
                "currentProductData": Object {
                  "_id": "",
                  "createdAt": "",
                  "description": "",
                  "details": "",
                  "images": Array [],
                  "name": "",
                  "price": "",
                },
                "error": null,
                "loadedProducts": Array [],
                "loading": false,
                "responseMsg": "",
              },
              "serviceState": Object {
                "currentServiceData": Object {
                  "_id": "",
                  "createdAt": "",
                  "description": "",
                  "images": Array [],
                  "name": "",
                  "price": "",
                },
                "error": null,
                "loadedServices": Array [],
                "loading": false,
                "responseMsg": "",
              },
              "storeItemState": Object {
                "currentStoreItemData": Object {
                  "_id": "",
                  "categories": Array [],
                  "createdAt": "",
                  "description": "",
                  "details": "",
                  "images": Array [],
                  "name": "",
                  "price": "",
                  "storeId": "",
                  "storeName": "",
                },
                "error": null,
                "loadedStoreItems": Array [],
                "loading": false,
                "numberOfItems": 0,
                "responseMsg": "",
              },
              "storeState": Object {
                "currentStoreData": Object {
                  "_id": "",
                  "createdAt": "",
                  "description": "",
                  "images": Array [],
                  "title": "",
                },
                "error": null,
                "loadedStores": Array [
                  Object {
                    "_id": "t6edkpl47b",
                    "createdAt": "Thu Sep 10 2020 16:48:58 GMT+0300 (Eastern European Summer Time)",
                    "description": "Sed esse occaecati aut delectus. Expedita ipsum velit quaerat tempore. Nostrum natus voluptatem culpa odio quidem.",
                    "images": Array [],
                    "title": "enim",
                  },
                  Object {
                    "_id": "5eqpuyoc2c",
                    "createdAt": "Thu Sep 10 2020 18:03:17 GMT+0300 (Eastern European Summer Time)",
                    "description": "Officiis enim maxime in. Sapiente explicabo incidunt. Est eum aut non quia rem optio. Beatae maxime eveniet.",
                    "images": Array [],
                    "title": "odit",
                  },
                  Object {
                    "_id": "ty3tvrzify",
                    "createdAt": "Wed Sep 09 2020 23:30:29 GMT+0300 (Eastern European Summer Time)",
                    "description": "Inventore occaecati expedita et aut alias inventore. Numquam culpa voluptatibus aut neque tempora amet est ipsam. Architecto voluptatem rerum cupiditate tempora ipsa dignissimos illo ad voluptate. Aut cum consequatur sed facere. Ipsam laborum et aut. Accusantium nihil sint cum vel.",
                    "images": Array [],
                    "title": "et",
                  },
                  Object {
                    "_id": "9oqx21krt9",
                    "createdAt": "Thu Sep 10 2020 02:05:24 GMT+0300 (Eastern European Summer Time)",
                    "description": "Saepe est tempore magnam facere commodi eos non illo. Tenetur eum sit quibusdam rerum non at et tempore. Rem neque est earum et laudantium dolor tenetur.",
                    "images": Array [],
                    "title": "magni",
                  },
                  Object {
                    "_id": "qy40cga2sm",
                    "createdAt": "Thu Sep 10 2020 20:10:23 GMT+0300 (Eastern European Summer Time)",
                    "description": "Porro minus voluptas asperiores ab a. Qui corrupti tempora dignissimos qui non eligendi. Dolores dicta consequatur ipsum iste consequuntur maiores ut. Atque eum sequi eum rem dignissimos dolorum explicabo impedit. Possimus sed non nam quae excepturi debitis. Accusamus quibusdam odit eos ipsum.",
                    "images": Array [],
                    "title": "quisquam",
                  },
                ],
                "loading": false,
                "responseMsg": "All Ok",
              },
            }
          }
          title="odit"
        >
          <GridRow
            style={
              Object {
                "border": "3px solid green",
                "marginTop": "2em",
                "padding": "0.5em",
              }
            }
          >
            <div
              className="row"
              style={
                Object {
                  "border": "3px solid green",
                  "marginTop": "2em",
                  "padding": "0.5em",
                }
              }
            >
              <GridColumn
                computer={12}
                mobile={16}
                style={
                  Object {
                    "border": "2px solid red",
                  }
                }
              >
                <div
                  className="twelve wide computer sixteen wide mobile column"
                  style={
                    Object {
                      "border": "2px solid red",
                    }
                  }
                >
                  <h3>
                    Title: 
                    odit
                  </h3>
                  <h5>
                    Description: 
                    Officiis enim maxime in. Sapiente explicabo incidunt. Est eum aut non quia rem optio. Beatae maxime eveniet.
                  </h5>
                  <h5>
                    Number of Images: 
                    0
                  </h5>
                  <p>
                    <span>
                      Created At: 
                    </span>
                    2020-Sep-10
                  </p>
                </div>
              </GridColumn>
              <GridColumn
                computer={4}
                mobile={16}
                style={
                  Object {
                    "border": "2px solid blue",
                  }
                }
              >
                <div
                  className="four wide computer sixteen wide mobile column"
                  style={
                    Object {
                      "border": "2px solid blue",
                    }
                  }
                >
                  <Button
                    as="button"
                    className="storeCardBtn"
                    color="green"
                    content="Open"
                    inverted={true}
                    onClick={[Function]}
                  >
                    <Ref
                      innerRef={
                        Object {
                          "current": <button
                            class="ui green inverted button storeCardBtn"
                          >
                            Open
                          </button>,
                        }
                      }
                    >
                      <RefFindNode
                        innerRef={
                          Object {
                            "current": <button
                              class="ui green inverted button storeCardBtn"
                            >
                              Open
                            </button>,
                          }
                        }
                      >
                        <button
                          className="ui green inverted button storeCardBtn"
                          onClick={[Function]}
                        >
                          Open
                        </button>
                      </RefFindNode>
                    </Ref>
                  </Button>
                  <Button
                    as="button"
                    className="storeCardBtn"
                    color="orange"
                    content="Edit"
                    inverted={true}
                    onClick={[Function]}
                  >
                    <Ref
                      innerRef={
                        Object {
                          "current": <button
                            class="ui orange inverted button storeCardBtn"
                          >
                            Edit
                          </button>,
                        }
                      }
                    >
                      <RefFindNode
                        innerRef={
                          Object {
                            "current": <button
                              class="ui orange inverted button storeCardBtn"
                            >
                              Edit
                            </button>,
                          }
                        }
                      >
                        <button
                          className="ui orange inverted button storeCardBtn"
                          onClick={[Function]}
                        >
                          Edit
                        </button>
                      </RefFindNode>
                    </Ref>
                  </Button>
                  <Button
                    as="button"
                    className="storeCardBtn"
                    color="red"
                    content="Delete"
                    inverted={true}
                    onClick={[Function]}
                  >
                    <Ref
                      innerRef={
                        Object {
                          "current": <button
                            class="ui red inverted button storeCardBtn"
                          >
                            Delete
                          </button>,
                        }
                      }
                    >
                      <RefFindNode
                        innerRef={
                          Object {
                            "current": <button
                              class="ui red inverted button storeCardBtn"
                            >
                              Delete
                            </button>,
                          }
                        }
                      >
                        <button
                          className="ui red inverted button storeCardBtn"
                          onClick={[Function]}
                        >
                          Delete
                        </button>
                      </RefFindNode>
                    </Ref>
                  </Button>
                </div>
              </GridColumn>
            </div>
          </GridRow>
        </StoreCard>
      </withRouter(StoreCard)>
      <withRouter(StoreCard)
        _id="ty3tvrzify"
        createdAt="Wed Sep 09 2020 23:30:29 GMT+0300 (Eastern European Summer Time)"
        description="Inventore occaecati expedita et aut alias inventore. Numquam culpa voluptatibus aut neque tempora amet est ipsam. Architecto voluptatem rerum cupiditate tempora ipsa dignissimos illo ad voluptate. Aut cum consequatur sed facere. Ipsam laborum et aut. Accusantium nihil sint cum vel."
        dispatch={[Function]}
        imageCount={0}
        key="ty3tvrzify"
        state={
          Object {
            "bonusVideoState": Object {
              "currentBonusVideoData": Object {
                "_id": "",
                "createdAt": "",
                "description": "",
                "vimeoURL": "",
                "youTubeURL": "",
              },
              "error": null,
              "loadedBonusVideos": Array [],
              "loading": false,
              "responseMsg": "",
            },
            "productState": Object {
              "currentProductData": Object {
                "_id": "",
                "createdAt": "",
                "description": "",
                "details": "",
                "images": Array [],
                "name": "",
                "price": "",
              },
              "error": null,
              "loadedProducts": Array [],
              "loading": false,
              "responseMsg": "",
            },
            "serviceState": Object {
              "currentServiceData": Object {
                "_id": "",
                "createdAt": "",
                "description": "",
                "images": Array [],
                "name": "",
                "price": "",
              },
              "error": null,
              "loadedServices": Array [],
              "loading": false,
              "responseMsg": "",
            },
            "storeItemState": Object {
              "currentStoreItemData": Object {
                "_id": "",
                "categories": Array [],
                "createdAt": "",
                "description": "",
                "details": "",
                "images": Array [],
                "name": "",
                "price": "",
                "storeId": "",
                "storeName": "",
              },
              "error": null,
              "loadedStoreItems": Array [],
              "loading": false,
              "numberOfItems": 0,
              "responseMsg": "",
            },
            "storeState": Object {
              "currentStoreData": Object {
                "_id": "",
                "createdAt": "",
                "description": "",
                "images": Array [],
                "title": "",
              },
              "error": null,
              "loadedStores": Array [
                Object {
                  "_id": "t6edkpl47b",
                  "createdAt": "Thu Sep 10 2020 16:48:58 GMT+0300 (Eastern European Summer Time)",
                  "description": "Sed esse occaecati aut delectus. Expedita ipsum velit quaerat tempore. Nostrum natus voluptatem culpa odio quidem.",
                  "images": Array [],
                  "title": "enim",
                },
                Object {
                  "_id": "5eqpuyoc2c",
                  "createdAt": "Thu Sep 10 2020 18:03:17 GMT+0300 (Eastern European Summer Time)",
                  "description": "Officiis enim maxime in. Sapiente explicabo incidunt. Est eum aut non quia rem optio. Beatae maxime eveniet.",
                  "images": Array [],
                  "title": "odit",
                },
                Object {
                  "_id": "ty3tvrzify",
                  "createdAt": "Wed Sep 09 2020 23:30:29 GMT+0300 (Eastern European Summer Time)",
                  "description": "Inventore occaecati expedita et aut alias inventore. Numquam culpa voluptatibus aut neque tempora amet est ipsam. Architecto voluptatem rerum cupiditate tempora ipsa dignissimos illo ad voluptate. Aut cum consequatur sed facere. Ipsam laborum et aut. Accusantium nihil sint cum vel.",
                  "images": Array [],
                  "title": "et",
                },
                Object {
                  "_id": "9oqx21krt9",
                  "createdAt": "Thu Sep 10 2020 02:05:24 GMT+0300 (Eastern European Summer Time)",
                  "description": "Saepe est tempore magnam facere commodi eos non illo. Tenetur eum sit quibusdam rerum non at et tempore. Rem neque est earum et laudantium dolor tenetur.",
                  "images": Array [],
                  "title": "magni",
                },
                Object {
                  "_id": "qy40cga2sm",
                  "createdAt": "Thu Sep 10 2020 20:10:23 GMT+0300 (Eastern European Summer Time)",
                  "description": "Porro minus voluptas asperiores ab a. Qui corrupti tempora dignissimos qui non eligendi. Dolores dicta consequatur ipsum iste consequuntur maiores ut. Atque eum sequi eum rem dignissimos dolorum explicabo impedit. Possimus sed non nam quae excepturi debitis. Accusamus quibusdam odit eos ipsum.",
                  "images": Array [],
                  "title": "quisquam",
                },
              ],
              "loading": false,
              "responseMsg": "All Ok",
            },
          }
        }
        title="et"
      >
        <StoreCard
          _id="ty3tvrzify"
          createdAt="Wed Sep 09 2020 23:30:29 GMT+0300 (Eastern European Summer Time)"
          description="Inventore occaecati expedita et aut alias inventore. Numquam culpa voluptatibus aut neque tempora amet est ipsam. Architecto voluptatem rerum cupiditate tempora ipsa dignissimos illo ad voluptate. Aut cum consequatur sed facere. Ipsam laborum et aut. Accusantium nihil sint cum vel."
          dispatch={[Function]}
          history={
            Object {
              "action": "POP",
              "block": [Function],
              "canGo": [Function],
              "createHref": [Function],
              "entries": Array [
                Object {
                  "hash": "",
                  "key": "g457ai",
                  "pathname": "/",
                  "search": "",
                  "state": undefined,
                },
              ],
              "go": [Function],
              "goBack": [Function],
              "goForward": [Function],
              "index": 0,
              "length": 1,
              "listen": [Function],
              "location": Object {
                "hash": "",
                "key": "g457ai",
                "pathname": "/",
                "search": "",
                "state": undefined,
              },
              "push": [Function],
              "replace": [Function],
            }
          }
          imageCount={0}
          location={
            Object {
              "hash": "",
              "key": "g457ai",
              "pathname": "/",
              "search": "",
              "state": undefined,
            }
          }
          match={
            Object {
              "isExact": true,
              "params": Object {},
              "path": "/",
              "url": "/",
            }
          }
          state={
            Object {
              "bonusVideoState": Object {
                "currentBonusVideoData": Object {
                  "_id": "",
                  "createdAt": "",
                  "description": "",
                  "vimeoURL": "",
                  "youTubeURL": "",
                },
                "error": null,
                "loadedBonusVideos": Array [],
                "loading": false,
                "responseMsg": "",
              },
              "productState": Object {
                "currentProductData": Object {
                  "_id": "",
                  "createdAt": "",
                  "description": "",
                  "details": "",
                  "images": Array [],
                  "name": "",
                  "price": "",
                },
                "error": null,
                "loadedProducts": Array [],
                "loading": false,
                "responseMsg": "",
              },
              "serviceState": Object {
                "currentServiceData": Object {
                  "_id": "",
                  "createdAt": "",
                  "description": "",
                  "images": Array [],
                  "name": "",
                  "price": "",
                },
                "error": null,
                "loadedServices": Array [],
                "loading": false,
                "responseMsg": "",
              },
              "storeItemState": Object {
                "currentStoreItemData": Object {
                  "_id": "",
                  "categories": Array [],
                  "createdAt": "",
                  "description": "",
                  "details": "",
                  "images": Array [],
                  "name": "",
                  "price": "",
                  "storeId": "",
                  "storeName": "",
                },
                "error": null,
                "loadedStoreItems": Array [],
                "loading": false,
                "numberOfItems": 0,
                "responseMsg": "",
              },
              "storeState": Object {
                "currentStoreData": Object {
                  "_id": "",
                  "createdAt": "",
                  "description": "",
                  "images": Array [],
                  "title": "",
                },
                "error": null,
                "loadedStores": Array [
                  Object {
                    "_id": "t6edkpl47b",
                    "createdAt": "Thu Sep 10 2020 16:48:58 GMT+0300 (Eastern European Summer Time)",
                    "description": "Sed esse occaecati aut delectus. Expedita ipsum velit quaerat tempore. Nostrum natus voluptatem culpa odio quidem.",
                    "images": Array [],
                    "title": "enim",
                  },
                  Object {
                    "_id": "5eqpuyoc2c",
                    "createdAt": "Thu Sep 10 2020 18:03:17 GMT+0300 (Eastern European Summer Time)",
                    "description": "Officiis enim maxime in. Sapiente explicabo incidunt. Est eum aut non quia rem optio. Beatae maxime eveniet.",
                    "images": Array [],
                    "title": "odit",
                  },
                  Object {
                    "_id": "ty3tvrzify",
                    "createdAt": "Wed Sep 09 2020 23:30:29 GMT+0300 (Eastern European Summer Time)",
                    "description": "Inventore occaecati expedita et aut alias inventore. Numquam culpa voluptatibus aut neque tempora amet est ipsam. Architecto voluptatem rerum cupiditate tempora ipsa dignissimos illo ad voluptate. Aut cum consequatur sed facere. Ipsam laborum et aut. Accusantium nihil sint cum vel.",
                    "images": Array [],
                    "title": "et",
                  },
                  Object {
                    "_id": "9oqx21krt9",
                    "createdAt": "Thu Sep 10 2020 02:05:24 GMT+0300 (Eastern European Summer Time)",
                    "description": "Saepe est tempore magnam facere commodi eos non illo. Tenetur eum sit quibusdam rerum non at et tempore. Rem neque est earum et laudantium dolor tenetur.",
                    "images": Array [],
                    "title": "magni",
                  },
                  Object {
                    "_id": "qy40cga2sm",
                    "createdAt": "Thu Sep 10 2020 20:10:23 GMT+0300 (Eastern European Summer Time)",
                    "description": "Porro minus voluptas asperiores ab a. Qui corrupti tempora dignissimos qui non eligendi. Dolores dicta consequatur ipsum iste consequuntur maiores ut. Atque eum sequi eum rem dignissimos dolorum explicabo impedit. Possimus sed non nam quae excepturi debitis. Accusamus quibusdam odit eos ipsum.",
                    "images": Array [],
                    "title": "quisquam",
                  },
                ],
                "loading": false,
                "responseMsg": "All Ok",
              },
            }
          }
          title="et"
        >
          <GridRow
            style={
              Object {
                "border": "3px solid green",
                "marginTop": "2em",
                "padding": "0.5em",
              }
            }
          >
            <div
              className="row"
              style={
                Object {
                  "border": "3px solid green",
                  "marginTop": "2em",
                  "padding": "0.5em",
                }
              }
            >
              <GridColumn
                computer={12}
                mobile={16}
                style={
                  Object {
                    "border": "2px solid red",
                  }
                }
              >
                <div
                  className="twelve wide computer sixteen wide mobile column"
                  style={
                    Object {
                      "border": "2px solid red",
                    }
                  }
                >
                  <h3>
                    Title: 
                    et
                  </h3>
                  <h5>
                    Description: 
                    Inventore occaecati expedita et aut alias inventore. Numquam culpa voluptatibus aut neque tempora amet est ipsam. Architecto voluptatem rerum cupiditate tempora ipsa dignissimos illo ad voluptate. Aut cum consequatur sed facere. Ipsam laborum et aut. Accusantium nihil sint cum vel.
                  </h5>
                  <h5>
                    Number of Images: 
                    0
                  </h5>
                  <p>
                    <span>
                      Created At: 
                    </span>
                    2020-Sep-9
                  </p>
                </div>
              </GridColumn>
              <GridColumn
                computer={4}
                mobile={16}
                style={
                  Object {
                    "border": "2px solid blue",
                  }
                }
              >
                <div
                  className="four wide computer sixteen wide mobile column"
                  style={
                    Object {
                      "border": "2px solid blue",
                    }
                  }
                >
                  <Button
                    as="button"
                    className="storeCardBtn"
                    color="green"
                    content="Open"
                    inverted={true}
                    onClick={[Function]}
                  >
                    <Ref
                      innerRef={
                        Object {
                          "current": <button
                            class="ui green inverted button storeCardBtn"
                          >
                            Open
                          </button>,
                        }
                      }
                    >
                      <RefFindNode
                        innerRef={
                          Object {
                            "current": <button
                              class="ui green inverted button storeCardBtn"
                            >
                              Open
                            </button>,
                          }
                        }
                      >
                        <button
                          className="ui green inverted button storeCardBtn"
                          onClick={[Function]}
                        >
                          Open
                        </button>
                      </RefFindNode>
                    </Ref>
                  </Button>
                  <Button
                    as="button"
                    className="storeCardBtn"
                    color="orange"
                    content="Edit"
                    inverted={true}
                    onClick={[Function]}
                  >
                    <Ref
                      innerRef={
                        Object {
                          "current": <button
                            class="ui orange inverted button storeCardBtn"
                          >
                            Edit
                          </button>,
                        }
                      }
                    >
                      <RefFindNode
                        innerRef={
                          Object {
                            "current": <button
                              class="ui orange inverted button storeCardBtn"
                            >
                              Edit
                            </button>,
                          }
                        }
                      >
                        <button
                          className="ui orange inverted button storeCardBtn"
                          onClick={[Function]}
                        >
                          Edit
                        </button>
                      </RefFindNode>
                    </Ref>
                  </Button>
                  <Button
                    as="button"
                    className="storeCardBtn"
                    color="red"
                    content="Delete"
                    inverted={true}
                    onClick={[Function]}
                  >
                    <Ref
                      innerRef={
                        Object {
                          "current": <button
                            class="ui red inverted button storeCardBtn"
                          >
                            Delete
                          </button>,
                        }
                      }
                    >
                      <RefFindNode
                        innerRef={
                          Object {
                            "current": <button
                              class="ui red inverted button storeCardBtn"
                            >
                              Delete
                            </button>,
                          }
                        }
                      >
                        <button
                          className="ui red inverted button storeCardBtn"
                          onClick={[Function]}
                        >
                          Delete
                        </button>
                      </RefFindNode>
                    </Ref>
                  </Button>
                </div>
              </GridColumn>
            </div>
          </GridRow>
        </StoreCard>
      </withRouter(StoreCard)>
      <withRouter(StoreCard)
        _id="9oqx21krt9"
        createdAt="Thu Sep 10 2020 02:05:24 GMT+0300 (Eastern European Summer Time)"
        description="Saepe est tempore magnam facere commodi eos non illo. Tenetur eum sit quibusdam rerum non at et tempore. Rem neque est earum et laudantium dolor tenetur."
        dispatch={[Function]}
        imageCount={0}
        key="9oqx21krt9"
        state={
          Object {
            "bonusVideoState": Object {
              "currentBonusVideoData": Object {
                "_id": "",
                "createdAt": "",
                "description": "",
                "vimeoURL": "",
                "youTubeURL": "",
              },
              "error": null,
              "loadedBonusVideos": Array [],
              "loading": false,
              "responseMsg": "",
            },
            "productState": Object {
              "currentProductData": Object {
                "_id": "",
                "createdAt": "",
                "description": "",
                "details": "",
                "images": Array [],
                "name": "",
                "price": "",
              },
              "error": null,
              "loadedProducts": Array [],
              "loading": false,
              "responseMsg": "",
            },
            "serviceState": Object {
              "currentServiceData": Object {
                "_id": "",
                "createdAt": "",
                "description": "",
                "images": Array [],
                "name": "",
                "price": "",
              },
              "error": null,
              "loadedServices": Array [],
              "loading": false,
              "responseMsg": "",
            },
            "storeItemState": Object {
              "currentStoreItemData": Object {
                "_id": "",
                "categories": Array [],
                "createdAt": "",
                "description": "",
                "details": "",
                "images": Array [],
                "name": "",
                "price": "",
                "storeId": "",
                "storeName": "",
              },
              "error": null,
              "loadedStoreItems": Array [],
              "loading": false,
              "numberOfItems": 0,
              "responseMsg": "",
            },
            "storeState": Object {
              "currentStoreData": Object {
                "_id": "",
                "createdAt": "",
                "description": "",
                "images": Array [],
                "title": "",
              },
              "error": null,
              "loadedStores": Array [
                Object {
                  "_id": "t6edkpl47b",
                  "createdAt": "Thu Sep 10 2020 16:48:58 GMT+0300 (Eastern European Summer Time)",
                  "description": "Sed esse occaecati aut delectus. Expedita ipsum velit quaerat tempore. Nostrum natus voluptatem culpa odio quidem.",
                  "images": Array [],
                  "title": "enim",
                },
                Object {
                  "_id": "5eqpuyoc2c",
                  "createdAt": "Thu Sep 10 2020 18:03:17 GMT+0300 (Eastern European Summer Time)",
                  "description": "Officiis enim maxime in. Sapiente explicabo incidunt. Est eum aut non quia rem optio. Beatae maxime eveniet.",
                  "images": Array [],
                  "title": "odit",
                },
                Object {
                  "_id": "ty3tvrzify",
                  "createdAt": "Wed Sep 09 2020 23:30:29 GMT+0300 (Eastern European Summer Time)",
                  "description": "Inventore occaecati expedita et aut alias inventore. Numquam culpa voluptatibus aut neque tempora amet est ipsam. Architecto voluptatem rerum cupiditate tempora ipsa dignissimos illo ad voluptate. Aut cum consequatur sed facere. Ipsam laborum et aut. Accusantium nihil sint cum vel.",
                  "images": Array [],
                  "title": "et",
                },
                Object {
                  "_id": "9oqx21krt9",
                  "createdAt": "Thu Sep 10 2020 02:05:24 GMT+0300 (Eastern European Summer Time)",
                  "description": "Saepe est tempore magnam facere commodi eos non illo. Tenetur eum sit quibusdam rerum non at et tempore. Rem neque est earum et laudantium dolor tenetur.",
                  "images": Array [],
                  "title": "magni",
                },
                Object {
                  "_id": "qy40cga2sm",
                  "createdAt": "Thu Sep 10 2020 20:10:23 GMT+0300 (Eastern European Summer Time)",
                  "description": "Porro minus voluptas asperiores ab a. Qui corrupti tempora dignissimos qui non eligendi. Dolores dicta consequatur ipsum iste consequuntur maiores ut. Atque eum sequi eum rem dignissimos dolorum explicabo impedit. Possimus sed non nam quae excepturi debitis. Accusamus quibusdam odit eos ipsum.",
                  "images": Array [],
                  "title": "quisquam",
                },
              ],
              "loading": false,
              "responseMsg": "All Ok",
            },
          }
        }
        title="magni"
      >
        <StoreCard
          _id="9oqx21krt9"
          createdAt="Thu Sep 10 2020 02:05:24 GMT+0300 (Eastern European Summer Time)"
          description="Saepe est tempore magnam facere commodi eos non illo. Tenetur eum sit quibusdam rerum non at et tempore. Rem neque est earum et laudantium dolor tenetur."
          dispatch={[Function]}
          history={
            Object {
              "action": "POP",
              "block": [Function],
              "canGo": [Function],
              "createHref": [Function],
              "entries": Array [
                Object {
                  "hash": "",
                  "key": "g457ai",
                  "pathname": "/",
                  "search": "",
                  "state": undefined,
                },
              ],
              "go": [Function],
              "goBack": [Function],
              "goForward": [Function],
              "index": 0,
              "length": 1,
              "listen": [Function],
              "location": Object {
                "hash": "",
                "key": "g457ai",
                "pathname": "/",
                "search": "",
                "state": undefined,
              },
              "push": [Function],
              "replace": [Function],
            }
          }
          imageCount={0}
          location={
            Object {
              "hash": "",
              "key": "g457ai",
              "pathname": "/",
              "search": "",
              "state": undefined,
            }
          }
          match={
            Object {
              "isExact": true,
              "params": Object {},
              "path": "/",
              "url": "/",
            }
          }
          state={
            Object {
              "bonusVideoState": Object {
                "currentBonusVideoData": Object {
                  "_id": "",
                  "createdAt": "",
                  "description": "",
                  "vimeoURL": "",
                  "youTubeURL": "",
                },
                "error": null,
                "loadedBonusVideos": Array [],
                "loading": false,
                "responseMsg": "",
              },
              "productState": Object {
                "currentProductData": Object {
                  "_id": "",
                  "createdAt": "",
                  "description": "",
                  "details": "",
                  "images": Array [],
                  "name": "",
                  "price": "",
                },
                "error": null,
                "loadedProducts": Array [],
                "loading": false,
                "responseMsg": "",
              },
              "serviceState": Object {
                "currentServiceData": Object {
                  "_id": "",
                  "createdAt": "",
                  "description": "",
                  "images": Array [],
                  "name": "",
                  "price": "",
                },
                "error": null,
                "loadedServices": Array [],
                "loading": false,
                "responseMsg": "",
              },
              "storeItemState": Object {
                "currentStoreItemData": Object {
                  "_id": "",
                  "categories": Array [],
                  "createdAt": "",
                  "description": "",
                  "details": "",
                  "images": Array [],
                  "name": "",
                  "price": "",
                  "storeId": "",
                  "storeName": "",
                },
                "error": null,
                "loadedStoreItems": Array [],
                "loading": false,
                "numberOfItems": 0,
                "responseMsg": "",
              },
              "storeState": Object {
                "currentStoreData": Object {
                  "_id": "",
                  "createdAt": "",
                  "description": "",
                  "images": Array [],
                  "title": "",
                },
                "error": null,
                "loadedStores": Array [
                  Object {
                    "_id": "t6edkpl47b",
                    "createdAt": "Thu Sep 10 2020 16:48:58 GMT+0300 (Eastern European Summer Time)",
                    "description": "Sed esse occaecati aut delectus. Expedita ipsum velit quaerat tempore. Nostrum natus voluptatem culpa odio quidem.",
                    "images": Array [],
                    "title": "enim",
                  },
                  Object {
                    "_id": "5eqpuyoc2c",
                    "createdAt": "Thu Sep 10 2020 18:03:17 GMT+0300 (Eastern European Summer Time)",
                    "description": "Officiis enim maxime in. Sapiente explicabo incidunt. Est eum aut non quia rem optio. Beatae maxime eveniet.",
                    "images": Array [],
                    "title": "odit",
                  },
                  Object {
                    "_id": "ty3tvrzify",
                    "createdAt": "Wed Sep 09 2020 23:30:29 GMT+0300 (Eastern European Summer Time)",
                    "description": "Inventore occaecati expedita et aut alias inventore. Numquam culpa voluptatibus aut neque tempora amet est ipsam. Architecto voluptatem rerum cupiditate tempora ipsa dignissimos illo ad voluptate. Aut cum consequatur sed facere. Ipsam laborum et aut. Accusantium nihil sint cum vel.",
                    "images": Array [],
                    "title": "et",
                  },
                  Object {
                    "_id": "9oqx21krt9",
                    "createdAt": "Thu Sep 10 2020 02:05:24 GMT+0300 (Eastern European Summer Time)",
                    "description": "Saepe est tempore magnam facere commodi eos non illo. Tenetur eum sit quibusdam rerum non at et tempore. Rem neque est earum et laudantium dolor tenetur.",
                    "images": Array [],
                    "title": "magni",
                  },
                  Object {
                    "_id": "qy40cga2sm",
                    "createdAt": "Thu Sep 10 2020 20:10:23 GMT+0300 (Eastern European Summer Time)",
                    "description": "Porro minus voluptas asperiores ab a. Qui corrupti tempora dignissimos qui non eligendi. Dolores dicta consequatur ipsum iste consequuntur maiores ut. Atque eum sequi eum rem dignissimos dolorum explicabo impedit. Possimus sed non nam quae excepturi debitis. Accusamus quibusdam odit eos ipsum.",
                    "images": Array [],
                    "title": "quisquam",
                  },
                ],
                "loading": false,
                "responseMsg": "All Ok",
              },
            }
          }
          title="magni"
        >
          <GridRow
            style={
              Object {
                "border": "3px solid green",
                "marginTop": "2em",
                "padding": "0.5em",
              }
            }
          >
            <div
              className="row"
              style={
                Object {
                  "border": "3px solid green",
                  "marginTop": "2em",
                  "padding": "0.5em",
                }
              }
            >
              <GridColumn
                computer={12}
                mobile={16}
                style={
                  Object {
                    "border": "2px solid red",
                  }
                }
              >
                <div
                  className="twelve wide computer sixteen wide mobile column"
                  style={
                    Object {
                      "border": "2px solid red",
                    }
                  }
                >
                  <h3>
                    Title: 
                    magni
                  </h3>
                  <h5>
                    Description: 
                    Saepe est tempore magnam facere commodi eos non illo. Tenetur eum sit quibusdam rerum non at et tempore. Rem neque est earum et laudantium dolor tenetur.
                  </h5>
                  <h5>
                    Number of Images: 
                    0
                  </h5>
                  <p>
                    <span>
                      Created At: 
                    </span>
                    2020-Sep-10
                  </p>
                </div>
              </GridColumn>
              <GridColumn
                computer={4}
                mobile={16}
                style={
                  Object {
                    "border": "2px solid blue",
                  }
                }
              >
                <div
                  className="four wide computer sixteen wide mobile column"
                  style={
                    Object {
                      "border": "2px solid blue",
                    }
                  }
                >
                  <Button
                    as="button"
                    className="storeCardBtn"
                    color="green"
                    content="Open"
                    inverted={true}
                    onClick={[Function]}
                  >
                    <Ref
                      innerRef={
                        Object {
                          "current": <button
                            class="ui green inverted button storeCardBtn"
                          >
                            Open
                          </button>,
                        }
                      }
                    >
                      <RefFindNode
                        innerRef={
                          Object {
                            "current": <button
                              class="ui green inverted button storeCardBtn"
                            >
                              Open
                            </button>,
                          }
                        }
                      >
                        <button
                          className="ui green inverted button storeCardBtn"
                          onClick={[Function]}
                        >
                          Open
                        </button>
                      </RefFindNode>
                    </Ref>
                  </Button>
                  <Button
                    as="button"
                    className="storeCardBtn"
                    color="orange"
                    content="Edit"
                    inverted={true}
                    onClick={[Function]}
                  >
                    <Ref
                      innerRef={
                        Object {
                          "current": <button
                            class="ui orange inverted button storeCardBtn"
                          >
                            Edit
                          </button>,
                        }
                      }
                    >
                      <RefFindNode
                        innerRef={
                          Object {
                            "current": <button
                              class="ui orange inverted button storeCardBtn"
                            >
                              Edit
                            </button>,
                          }
                        }
                      >
                        <button
                          className="ui orange inverted button storeCardBtn"
                          onClick={[Function]}
                        >
                          Edit
                        </button>
                      </RefFindNode>
                    </Ref>
                  </Button>
                  <Button
                    as="button"
                    className="storeCardBtn"
                    color="red"
                    content="Delete"
                    inverted={true}
                    onClick={[Function]}
                  >
                    <Ref
                      innerRef={
                        Object {
                          "current": <button
                            class="ui red inverted button storeCardBtn"
                          >
                            Delete
                          </button>,
                        }
                      }
                    >
                      <RefFindNode
                        innerRef={
                          Object {
                            "current": <button
                              class="ui red inverted button storeCardBtn"
                            >
                              Delete
                            </button>,
                          }
                        }
                      >
                        <button
                          className="ui red inverted button storeCardBtn"
                          onClick={[Function]}
                        >
                          Delete
                        </button>
                      </RefFindNode>
                    </Ref>
                  </Button>
                </div>
              </GridColumn>
            </div>
          </GridRow>
        </StoreCard>
      </withRouter(StoreCard)>
      <withRouter(StoreCard)
        _id="qy40cga2sm"
        createdAt="Thu Sep 10 2020 20:10:23 GMT+0300 (Eastern European Summer Time)"
        description="Porro minus voluptas asperiores ab a. Qui corrupti tempora dignissimos qui non eligendi. Dolores dicta consequatur ipsum iste consequuntur maiores ut. Atque eum sequi eum rem dignissimos dolorum explicabo impedit. Possimus sed non nam quae excepturi debitis. Accusamus quibusdam odit eos ipsum."
        dispatch={[Function]}
        imageCount={0}
        key="qy40cga2sm"
        state={
          Object {
            "bonusVideoState": Object {
              "currentBonusVideoData": Object {
                "_id": "",
                "createdAt": "",
                "description": "",
                "vimeoURL": "",
                "youTubeURL": "",
              },
              "error": null,
              "loadedBonusVideos": Array [],
              "loading": false,
              "responseMsg": "",
            },
            "productState": Object {
              "currentProductData": Object {
                "_id": "",
                "createdAt": "",
                "description": "",
                "details": "",
                "images": Array [],
                "name": "",
                "price": "",
              },
              "error": null,
              "loadedProducts": Array [],
              "loading": false,
              "responseMsg": "",
            },
            "serviceState": Object {
              "currentServiceData": Object {
                "_id": "",
                "createdAt": "",
                "description": "",
                "images": Array [],
                "name": "",
                "price": "",
              },
              "error": null,
              "loadedServices": Array [],
              "loading": false,
              "responseMsg": "",
            },
            "storeItemState": Object {
              "currentStoreItemData": Object {
                "_id": "",
                "categories": Array [],
                "createdAt": "",
                "description": "",
                "details": "",
                "images": Array [],
                "name": "",
                "price": "",
                "storeId": "",
                "storeName": "",
              },
              "error": null,
              "loadedStoreItems": Array [],
              "loading": false,
              "numberOfItems": 0,
              "responseMsg": "",
            },
            "storeState": Object {
              "currentStoreData": Object {
                "_id": "",
                "createdAt": "",
                "description": "",
                "images": Array [],
                "title": "",
              },
              "error": null,
              "loadedStores": Array [
                Object {
                  "_id": "t6edkpl47b",
                  "createdAt": "Thu Sep 10 2020 16:48:58 GMT+0300 (Eastern European Summer Time)",
                  "description": "Sed esse occaecati aut delectus. Expedita ipsum velit quaerat tempore. Nostrum natus voluptatem culpa odio quidem.",
                  "images": Array [],
                  "title": "enim",
                },
                Object {
                  "_id": "5eqpuyoc2c",
                  "createdAt": "Thu Sep 10 2020 18:03:17 GMT+0300 (Eastern European Summer Time)",
                  "description": "Officiis enim maxime in. Sapiente explicabo incidunt. Est eum aut non quia rem optio. Beatae maxime eveniet.",
                  "images": Array [],
                  "title": "odit",
                },
                Object {
                  "_id": "ty3tvrzify",
                  "createdAt": "Wed Sep 09 2020 23:30:29 GMT+0300 (Eastern European Summer Time)",
                  "description": "Inventore occaecati expedita et aut alias inventore. Numquam culpa voluptatibus aut neque tempora amet est ipsam. Architecto voluptatem rerum cupiditate tempora ipsa dignissimos illo ad voluptate. Aut cum consequatur sed facere. Ipsam laborum et aut. Accusantium nihil sint cum vel.",
                  "images": Array [],
                  "title": "et",
                },
                Object {
                  "_id": "9oqx21krt9",
                  "createdAt": "Thu Sep 10 2020 02:05:24 GMT+0300 (Eastern European Summer Time)",
                  "description": "Saepe est tempore magnam facere commodi eos non illo. Tenetur eum sit quibusdam rerum non at et tempore. Rem neque est earum et laudantium dolor tenetur.",
                  "images": Array [],
                  "title": "magni",
                },
                Object {
                  "_id": "qy40cga2sm",
                  "createdAt": "Thu Sep 10 2020 20:10:23 GMT+0300 (Eastern European Summer Time)",
                  "description": "Porro minus voluptas asperiores ab a. Qui corrupti tempora dignissimos qui non eligendi. Dolores dicta consequatur ipsum iste consequuntur maiores ut. Atque eum sequi eum rem dignissimos dolorum explicabo impedit. Possimus sed non nam quae excepturi debitis. Accusamus quibusdam odit eos ipsum.",
                  "images": Array [],
                  "title": "quisquam",
                },
              ],
              "loading": false,
              "responseMsg": "All Ok",
            },
          }
        }
        title="quisquam"
      >
        <StoreCard
          _id="qy40cga2sm"
          createdAt="Thu Sep 10 2020 20:10:23 GMT+0300 (Eastern European Summer Time)"
          description="Porro minus voluptas asperiores ab a. Qui corrupti tempora dignissimos qui non eligendi. Dolores dicta consequatur ipsum iste consequuntur maiores ut. Atque eum sequi eum rem dignissimos dolorum explicabo impedit. Possimus sed non nam quae excepturi debitis. Accusamus quibusdam odit eos ipsum."
          dispatch={[Function]}
          history={
            Object {
              "action": "POP",
              "block": [Function],
              "canGo": [Function],
              "createHref": [Function],
              "entries": Array [
                Object {
                  "hash": "",
                  "key": "g457ai",
                  "pathname": "/",
                  "search": "",
                  "state": undefined,
                },
              ],
              "go": [Function],
              "goBack": [Function],
              "goForward": [Function],
              "index": 0,
              "length": 1,
              "listen": [Function],
              "location": Object {
                "hash": "",
                "key": "g457ai",
                "pathname": "/",
                "search": "",
                "state": undefined,
              },
              "push": [Function],
              "replace": [Function],
            }
          }
          imageCount={0}
          location={
            Object {
              "hash": "",
              "key": "g457ai",
              "pathname": "/",
              "search": "",
              "state": undefined,
            }
          }
          match={
            Object {
              "isExact": true,
              "params": Object {},
              "path": "/",
              "url": "/",
            }
          }
          state={
            Object {
              "bonusVideoState": Object {
                "currentBonusVideoData": Object {
                  "_id": "",
                  "createdAt": "",
                  "description": "",
                  "vimeoURL": "",
                  "youTubeURL": "",
                },
                "error": null,
                "loadedBonusVideos": Array [],
                "loading": false,
                "responseMsg": "",
              },
              "productState": Object {
                "currentProductData": Object {
                  "_id": "",
                  "createdAt": "",
                  "description": "",
                  "details": "",
                  "images": Array [],
                  "name": "",
                  "price": "",
                },
                "error": null,
                "loadedProducts": Array [],
                "loading": false,
                "responseMsg": "",
              },
              "serviceState": Object {
                "currentServiceData": Object {
                  "_id": "",
                  "createdAt": "",
                  "description": "",
                  "images": Array [],
                  "name": "",
                  "price": "",
                },
                "error": null,
                "loadedServices": Array [],
                "loading": false,
                "responseMsg": "",
              },
              "storeItemState": Object {
                "currentStoreItemData": Object {
                  "_id": "",
                  "categories": Array [],
                  "createdAt": "",
                  "description": "",
                  "details": "",
                  "images": Array [],
                  "name": "",
                  "price": "",
                  "storeId": "",
                  "storeName": "",
                },
                "error": null,
                "loadedStoreItems": Array [],
                "loading": false,
                "numberOfItems": 0,
                "responseMsg": "",
              },
              "storeState": Object {
                "currentStoreData": Object {
                  "_id": "",
                  "createdAt": "",
                  "description": "",
                  "images": Array [],
                  "title": "",
                },
                "error": null,
                "loadedStores": Array [
                  Object {
                    "_id": "t6edkpl47b",
                    "createdAt": "Thu Sep 10 2020 16:48:58 GMT+0300 (Eastern European Summer Time)",
                    "description": "Sed esse occaecati aut delectus. Expedita ipsum velit quaerat tempore. Nostrum natus voluptatem culpa odio quidem.",
                    "images": Array [],
                    "title": "enim",
                  },
                  Object {
                    "_id": "5eqpuyoc2c",
                    "createdAt": "Thu Sep 10 2020 18:03:17 GMT+0300 (Eastern European Summer Time)",
                    "description": "Officiis enim maxime in. Sapiente explicabo incidunt. Est eum aut non quia rem optio. Beatae maxime eveniet.",
                    "images": Array [],
                    "title": "odit",
                  },
                  Object {
                    "_id": "ty3tvrzify",
                    "createdAt": "Wed Sep 09 2020 23:30:29 GMT+0300 (Eastern European Summer Time)",
                    "description": "Inventore occaecati expedita et aut alias inventore. Numquam culpa voluptatibus aut neque tempora amet est ipsam. Architecto voluptatem rerum cupiditate tempora ipsa dignissimos illo ad voluptate. Aut cum consequatur sed facere. Ipsam laborum et aut. Accusantium nihil sint cum vel.",
                    "images": Array [],
                    "title": "et",
                  },
                  Object {
                    "_id": "9oqx21krt9",
                    "createdAt": "Thu Sep 10 2020 02:05:24 GMT+0300 (Eastern European Summer Time)",
                    "description": "Saepe est tempore magnam facere commodi eos non illo. Tenetur eum sit quibusdam rerum non at et tempore. Rem neque est earum et laudantium dolor tenetur.",
                    "images": Array [],
                    "title": "magni",
                  },
                  Object {
                    "_id": "qy40cga2sm",
                    "createdAt": "Thu Sep 10 2020 20:10:23 GMT+0300 (Eastern European Summer Time)",
                    "description": "Porro minus voluptas asperiores ab a. Qui corrupti tempora dignissimos qui non eligendi. Dolores dicta consequatur ipsum iste consequuntur maiores ut. Atque eum sequi eum rem dignissimos dolorum explicabo impedit. Possimus sed non nam quae excepturi debitis. Accusamus quibusdam odit eos ipsum.",
                    "images": Array [],
                    "title": "quisquam",
                  },
                ],
                "loading": false,
                "responseMsg": "All Ok",
              },
            }
          }
          title="quisquam"
        >
          <GridRow
            style={
              Object {
                "border": "3px solid green",
                "marginTop": "2em",
                "padding": "0.5em",
              }
            }
          >
            <div
              className="row"
              style={
                Object {
                  "border": "3px solid green",
                  "marginTop": "2em",
                  "padding": "0.5em",
                }
              }
            >
              <GridColumn
                computer={12}
                mobile={16}
                style={
                  Object {
                    "border": "2px solid red",
                  }
                }
              >
                <div
                  className="twelve wide computer sixteen wide mobile column"
                  style={
                    Object {
                      "border": "2px solid red",
                    }
                  }
                >
                  <h3>
                    Title: 
                    quisquam
                  </h3>
                  <h5>
                    Description: 
                    Porro minus voluptas asperiores ab a. Qui corrupti tempora dignissimos qui non eligendi. Dolores dicta consequatur ipsum iste consequuntur maiores ut. Atque eum sequi eum rem dignissimos dolorum explicabo impedit. Possimus sed non nam quae excepturi debitis. Accusamus quibusdam odit eos ipsum.
                  </h5>
                  <h5>
                    Number of Images: 
                    0
                  </h5>
                  <p>
                    <span>
                      Created At: 
                    </span>
                    2020-Sep-10
                  </p>
                </div>
              </GridColumn>
              <GridColumn
                computer={4}
                mobile={16}
                style={
                  Object {
                    "border": "2px solid blue",
                  }
                }
              >
                <div
                  className="four wide computer sixteen wide mobile column"
                  style={
                    Object {
                      "border": "2px solid blue",
                    }
                  }
                >
                  <Button
                    as="button"
                    className="storeCardBtn"
                    color="green"
                    content="Open"
                    inverted={true}
                    onClick={[Function]}
                  >
                    <Ref
                      innerRef={
                        Object {
                          "current": <button
                            class="ui green inverted button storeCardBtn"
                          >
                            Open
                          </button>,
                        }
                      }
                    >
                      <RefFindNode
                        innerRef={
                          Object {
                            "current": <button
                              class="ui green inverted button storeCardBtn"
                            >
                              Open
                            </button>,
                          }
                        }
                      >
                        <button
                          className="ui green inverted button storeCardBtn"
                          onClick={[Function]}
                        >
                          Open
                        </button>
                      </RefFindNode>
                    </Ref>
                  </Button>
                  <Button
                    as="button"
                    className="storeCardBtn"
                    color="orange"
                    content="Edit"
                    inverted={true}
                    onClick={[Function]}
                  >
                    <Ref
                      innerRef={
                        Object {
                          "current": <button
                            class="ui orange inverted button storeCardBtn"
                          >
                            Edit
                          </button>,
                        }
                      }
                    >
                      <RefFindNode
                        innerRef={
                          Object {
                            "current": <button
                              class="ui orange inverted button storeCardBtn"
                            >
                              Edit
                            </button>,
                          }
                        }
                      >
                        <button
                          className="ui orange inverted button storeCardBtn"
                          onClick={[Function]}
                        >
                          Edit
                        </button>
                      </RefFindNode>
                    </Ref>
                  </Button>
                  <Button
                    as="button"
                    className="storeCardBtn"
                    color="red"
                    content="Delete"
                    inverted={true}
                    onClick={[Function]}
                  >
                    <Ref
                      innerRef={
                        Object {
                          "current": <button
                            class="ui red inverted button storeCardBtn"
                          >
                            Delete
                          </button>,
                        }
                      }
                    >
                      <RefFindNode
                        innerRef={
                          Object {
                            "current": <button
                              class="ui red inverted button storeCardBtn"
                            >
                              Delete
                            </button>,
                          }
                        }
                      >
                        <button
                          className="ui red inverted button storeCardBtn"
                          onClick={[Function]}
                        >
                          Delete
                        </button>
                      </RefFindNode>
                    </Ref>
                  </Button>
                </div>
              </GridColumn>
            </div>
          </GridRow>
        </StoreCard>
      </withRouter(StoreCard)>
    </Route>
  </div>
</Grid>
`;
