// Jest Snapshot v1, https://goo.gl/fbAQLP

exports[`ServiceView Component test ServiceView Component render test Should Properly render Services View 1`] = `
<MemoryRouter
  initialEntries={
    Array [
      "/admin/home/my_services",
    ]
  }
>
  <Router
    history={
      Object {
        "action": "POP",
        "block": [Function],
        "canGo": [Function],
        "createHref": [Function],
        "entries": Array [
          Object {
            "hash": "",
            "key": "8rchyl",
            "pathname": "/admin/home/my_services",
            "search": "",
            "state": undefined,
          },
        ],
        "go": [Function],
        "goBack": [Function],
        "goForward": [Function],
        "index": 0,
        "length": 1,
        "listen": [Function],
        "location": Object {
          "hash": "",
          "key": "8rchyl",
          "pathname": "/admin/home/my_services",
          "search": "",
          "state": undefined,
        },
        "push": [Function],
        "replace": [Function],
      }
    }
  >
    <ServiceView>
      <div
        id="adminServiceViewHolder"
      >
        <withRouter(AdminServiceMenu)
          dispatch={[Function]}
        >
          <AdminServiceMenu
            dispatch={[Function]}
            history={
              Object {
                "action": "POP",
                "block": [Function],
                "canGo": [Function],
                "createHref": [Function],
                "entries": Array [
                  Object {
                    "hash": "",
                    "key": "8rchyl",
                    "pathname": "/admin/home/my_services",
                    "search": "",
                    "state": undefined,
                  },
                ],
                "go": [Function],
                "goBack": [Function],
                "goForward": [Function],
                "index": 0,
                "length": 1,
                "listen": [Function],
                "location": Object {
                  "hash": "",
                  "key": "8rchyl",
                  "pathname": "/admin/home/my_services",
                  "search": "",
                  "state": undefined,
                },
                "push": [Function],
                "replace": [Function],
              }
            }
            location={
              Object {
                "hash": "",
                "key": "8rchyl",
                "pathname": "/admin/home/my_services",
                "search": "",
                "state": undefined,
              }
            }
            match={
              Object {
                "isExact": false,
                "params": Object {},
                "path": "/",
                "url": "/",
              }
            }
          >
            <div
              className="adminServiceMenuFixed"
            >
              <Menu
                className="adminServiceMenu"
                tabular={true}
              >
                <div
                  className="ui tabular adminServiceMenu menu"
                >
                  <MenuItem
                    active={true}
                    content="View All Services"
                    name="view_all"
                    onClick={[Function]}
                  >
                    <a
                      className="active item"
                      onClick={[Function]}
                    >
                      View All Services
                    </a>
                  </MenuItem>
                  <MenuItem
                    active={false}
                    content="Create New Service"
                    name="create"
                    onClick={[Function]}
                  >
                    <a
                      className="item"
                      onClick={[Function]}
                    >
                      Create New Service
                    </a>
                  </MenuItem>
                  <MenuItem
                    active={false}
                    content="Manage Services"
                    name="manage"
                    onClick={[Function]}
                  >
                    <a
                      className="item"
                      onClick={[Function]}
                    >
                      Manage Services
                    </a>
                  </MenuItem>
                </div>
              </Menu>
            </div>
          </AdminServiceMenu>
        </withRouter(AdminServiceMenu)>
        <Switch />
      </div>
    </ServiceView>
  </Router>
</MemoryRouter>
`;
