// Jest Snapshot v1, https://goo.gl/fbAQLP

exports[`ServiceView Component render tests ServiceView Component default render test Should Properly render Services View 1`] = `
<div
  id="adminServiceViewHolder"
>
  <withRouter(AdminServiceMenu)
    dispatch={[Function]}
  />
  <Switch>
    <Route
      path="/admin/home/my_services/all"
    >
      <Component
        height="100px"
        width="100%"
      />
      <withRouter(ServicePreviewHolder)
        dispatch={[Function]}
        state={
          Object {
            "bonusVideoState": Object {
              "currentBonusVideoData": Object {
                "_id": "",
                "createdAt": "",
                "description": "",
                "vimeoURL": "",
                "youTubeURL": "",
              },
              "error": null,
              "loadedBonusVideos": Array [],
              "loading": false,
              "responseMsg": "",
            },
            "productState": Object {
              "currentProductData": Object {
                "_id": "",
                "createdAt": "",
                "description": "",
                "details": "",
                "images": Array [],
                "name": "",
                "price": "",
              },
              "error": null,
              "loadedProducts": Array [],
              "loading": false,
              "productFormOpen": false,
              "responseMsg": "",
            },
            "serviceState": Object {
              "currentServiceData": Object {
                "_id": "",
                "createdAt": "",
                "description": "",
                "images": Array [],
                "name": "",
                "price": "",
              },
              "error": null,
              "loadedServices": Array [],
              "loading": false,
              "responseMsg": "",
              "serviceFormOpen": false,
            },
            "storeItemState": Object {
              "currentStoreItemData": Object {
                "_id": "",
                "categories": Array [],
                "createdAt": "",
                "description": "",
                "details": "",
                "images": Array [],
                "name": "",
                "price": "",
                "storeId": "",
                "storeName": "",
              },
              "error": null,
              "loadedStoreItems": Array [],
              "loading": false,
              "numberOfItems": 0,
              "responseMsg": "",
              "storeItemFormOpen": false,
            },
            "storeState": Object {
              "currentStoreData": Object {
                "_id": "",
                "createdAt": "",
                "description": "",
                "images": Array [],
                "title": "",
              },
              "error": null,
              "loadedStores": Array [],
              "loading": false,
              "responseMsg": "",
              "storeFormOpen": false,
            },
          }
        }
      />
    </Route>
    <Route
      path="/admin/home/my_services/create"
    >
      <Component
        height="100px"
        width="100%"
      />
      <withRouter(ServiceFormHolder)
        dispatch={[Function]}
        state={
          Object {
            "bonusVideoState": Object {
              "currentBonusVideoData": Object {
                "_id": "",
                "createdAt": "",
                "description": "",
                "vimeoURL": "",
                "youTubeURL": "",
              },
              "error": null,
              "loadedBonusVideos": Array [],
              "loading": false,
              "responseMsg": "",
            },
            "productState": Object {
              "currentProductData": Object {
                "_id": "",
                "createdAt": "",
                "description": "",
                "details": "",
                "images": Array [],
                "name": "",
                "price": "",
              },
              "error": null,
              "loadedProducts": Array [],
              "loading": false,
              "productFormOpen": false,
              "responseMsg": "",
            },
            "serviceState": Object {
              "currentServiceData": Object {
                "_id": "",
                "createdAt": "",
                "description": "",
                "images": Array [],
                "name": "",
                "price": "",
              },
              "error": null,
              "loadedServices": Array [],
              "loading": false,
              "responseMsg": "",
              "serviceFormOpen": false,
            },
            "storeItemState": Object {
              "currentStoreItemData": Object {
                "_id": "",
                "categories": Array [],
                "createdAt": "",
                "description": "",
                "details": "",
                "images": Array [],
                "name": "",
                "price": "",
                "storeId": "",
                "storeName": "",
              },
              "error": null,
              "loadedStoreItems": Array [],
              "loading": false,
              "numberOfItems": 0,
              "responseMsg": "",
              "storeItemFormOpen": false,
            },
            "storeState": Object {
              "currentStoreData": Object {
                "_id": "",
                "createdAt": "",
                "description": "",
                "images": Array [],
                "title": "",
              },
              "error": null,
              "loadedStores": Array [],
              "loading": false,
              "responseMsg": "",
              "storeFormOpen": false,
            },
          }
        }
      />
    </Route>
    <Route
      path="/admin/home/my_services/manage"
    >
      <Component
        height="100px"
        width="100%"
      />
      <withRouter(ServiceManageHolder) />
    </Route>
  </Switch>
</div>
`;
