// Jest Snapshot v1, https://goo.gl/fbAQLP

exports[`BonusVideosView Component test BonusVideosView Component render test Should Properly render BonusVideosView 1`] = `
<BonusVideosGeneralView>
  <div
    id="adminBonusVideoViewHolder"
  >
    <withRouter(AdminBonusVideosMenu)
      dispatch={[Function]}
    >
      <AdminBonusVideosMenu
        dispatch={[Function]}
        history={
          Object {
            "action": "POP",
            "block": [Function],
            "canGo": [Function],
            "createHref": [Function],
            "entries": Array [
              Object {
                "hash": "",
                "pathname": "/admin/home/my_videos",
                "search": "",
                "state": undefined,
              },
            ],
            "go": [Function],
            "goBack": [Function],
            "goForward": [Function],
            "index": 0,
            "length": 1,
            "listen": [Function],
            "location": Object {
              "hash": "",
              "pathname": "/admin/home/my_videos",
              "search": "",
              "state": undefined,
            },
            "push": [Function],
            "replace": [Function],
          }
        }
        location={
          Object {
            "hash": "",
            "pathname": "/admin/home/my_videos",
            "search": "",
            "state": undefined,
          }
        }
        match={
          Object {
            "isExact": false,
            "params": Object {},
            "path": "/",
            "url": "/",
          }
        }
      >
        <div
          className="adminBonusVideosMenuFixed"
        >
          <Menu
            className="adminBonusVideosMenu"
            tabular={true}
          >
            <div
              className="ui tabular adminBonusVideosMenu menu"
            >
              <MenuItem
                active={true}
                content="View All Linked Videos"
                name="view_all"
                onClick={[Function]}
              >
                <a
                  className="active item"
                  onClick={[Function]}
                >
                  View All Linked Videos
                </a>
              </MenuItem>
              <MenuItem
                active={false}
                content="Create New Linked Video"
                name="create"
                onClick={[Function]}
              >
                <a
                  className="item"
                  onClick={[Function]}
                >
                  Create New Linked Video
                </a>
              </MenuItem>
              <MenuItem
                active={false}
                content="Manage Linked Videos"
                name="manage"
                onClick={[Function]}
              >
                <a
                  className="item"
                  onClick={[Function]}
                >
                  Manage Linked Videos
                </a>
              </MenuItem>
              <MenuItem
                active={false}
                content="View Sorted Linked Videos"
                name="sorted"
                onClick={[Function]}
              >
                <a
                  className="item"
                  onClick={[Function]}
                >
                  View Sorted Linked Videos
                </a>
              </MenuItem>
            </div>
          </Menu>
        </div>
      </AdminBonusVideosMenu>
    </withRouter(AdminBonusVideosMenu)>
    <Switch />
  </div>
</BonusVideosGeneralView>
`;
